Component: ARM Compiler 5.06 update 1 (build 61) Tool: armlink [4d35a8]

==============================================================================

Section Cross References

    gd32f10x_it.o(i.SysTick_Handler) refers to systick.o(i.delay_decrement) for delay_decrement
    main.o(i.main) refers to systick.o(i.systick_config) for systick_config
    main.o(i.main) refers to ulog.o(i.ulog_init) for ulog_init
    main.o(i.main) refers to ulog.o(i.ulog_message) for ulog_message
    systick.o(i.delay_1ms) refers to systick.o(.data) for delay
    systick.o(i.delay_decrement) refers to systick.o(.data) for delay
    systick.o(i.systick_config) refers to systick.o(i.NVIC_SetPriority) for NVIC_SetPriority
    systick.o(i.systick_config) refers to system_gd32f10x.o(.data) for SystemCoreClock
    system_gd32f10x.o(i.SystemInit) refers to system_gd32f10x.o(i.system_clock_config) for system_clock_config
    system_gd32f10x.o(i.SystemInit) refers to gd32f10x_misc.o(i.nvic_vector_table_set) for nvic_vector_table_set
    system_gd32f10x.o(i.system_clock_config) refers to system_gd32f10x.o(i.system_clock_108m_hxtal) for system_clock_108m_hxtal
    gd32f10x_adc.o(i.adc_deinit) refers to gd32f10x_rcu.o(i.rcu_periph_reset_enable) for rcu_periph_reset_enable
    gd32f10x_adc.o(i.adc_deinit) refers to gd32f10x_rcu.o(i.rcu_periph_reset_disable) for rcu_periph_reset_disable
    gd32f10x_bkp.o(i.bkp_deinit) refers to gd32f10x_rcu.o(i.rcu_bkp_reset_enable) for rcu_bkp_reset_enable
    gd32f10x_bkp.o(i.bkp_deinit) refers to gd32f10x_rcu.o(i.rcu_bkp_reset_disable) for rcu_bkp_reset_disable
    gd32f10x_can.o(i.can_debug_freeze_disable) refers to gd32f10x_dbg.o(i.dbg_periph_enable) for dbg_periph_enable
    gd32f10x_can.o(i.can_debug_freeze_enable) refers to gd32f10x_dbg.o(i.dbg_periph_enable) for dbg_periph_enable
    gd32f10x_can.o(i.can_deinit) refers to gd32f10x_rcu.o(i.rcu_periph_reset_enable) for rcu_periph_reset_enable
    gd32f10x_can.o(i.can_deinit) refers to gd32f10x_rcu.o(i.rcu_periph_reset_disable) for rcu_periph_reset_disable
    gd32f10x_can.o(i.can_interrupt_flag_get) refers to gd32f10x_can.o(i.can_receive_message_length_get) for can_receive_message_length_get
    gd32f10x_can.o(i.can_interrupt_flag_get) refers to gd32f10x_can.o(i.can_error_get) for can_error_get
    gd32f10x_dac.o(i.dac_deinit) refers to gd32f10x_rcu.o(i.rcu_periph_reset_enable) for rcu_periph_reset_enable
    gd32f10x_dac.o(i.dac_deinit) refers to gd32f10x_rcu.o(i.rcu_periph_reset_disable) for rcu_periph_reset_disable
    gd32f10x_dma.o(i.dma_channel_disable) refers to gd32f10x_dma.o(i.dma_periph_and_channel_check) for dma_periph_and_channel_check
    gd32f10x_dma.o(i.dma_channel_enable) refers to gd32f10x_dma.o(i.dma_periph_and_channel_check) for dma_periph_and_channel_check
    gd32f10x_dma.o(i.dma_circulation_disable) refers to gd32f10x_dma.o(i.dma_periph_and_channel_check) for dma_periph_and_channel_check
    gd32f10x_dma.o(i.dma_circulation_enable) refers to gd32f10x_dma.o(i.dma_periph_and_channel_check) for dma_periph_and_channel_check
    gd32f10x_dma.o(i.dma_deinit) refers to gd32f10x_dma.o(i.dma_periph_and_channel_check) for dma_periph_and_channel_check
    gd32f10x_dma.o(i.dma_init) refers to gd32f10x_dma.o(i.dma_periph_and_channel_check) for dma_periph_and_channel_check
    gd32f10x_dma.o(i.dma_interrupt_disable) refers to gd32f10x_dma.o(i.dma_periph_and_channel_check) for dma_periph_and_channel_check
    gd32f10x_dma.o(i.dma_interrupt_enable) refers to gd32f10x_dma.o(i.dma_periph_and_channel_check) for dma_periph_and_channel_check
    gd32f10x_dma.o(i.dma_memory_address_config) refers to gd32f10x_dma.o(i.dma_periph_and_channel_check) for dma_periph_and_channel_check
    gd32f10x_dma.o(i.dma_memory_increase_disable) refers to gd32f10x_dma.o(i.dma_periph_and_channel_check) for dma_periph_and_channel_check
    gd32f10x_dma.o(i.dma_memory_increase_enable) refers to gd32f10x_dma.o(i.dma_periph_and_channel_check) for dma_periph_and_channel_check
    gd32f10x_dma.o(i.dma_memory_to_memory_disable) refers to gd32f10x_dma.o(i.dma_periph_and_channel_check) for dma_periph_and_channel_check
    gd32f10x_dma.o(i.dma_memory_to_memory_enable) refers to gd32f10x_dma.o(i.dma_periph_and_channel_check) for dma_periph_and_channel_check
    gd32f10x_dma.o(i.dma_memory_width_config) refers to gd32f10x_dma.o(i.dma_periph_and_channel_check) for dma_periph_and_channel_check
    gd32f10x_dma.o(i.dma_periph_address_config) refers to gd32f10x_dma.o(i.dma_periph_and_channel_check) for dma_periph_and_channel_check
    gd32f10x_dma.o(i.dma_periph_increase_disable) refers to gd32f10x_dma.o(i.dma_periph_and_channel_check) for dma_periph_and_channel_check
    gd32f10x_dma.o(i.dma_periph_increase_enable) refers to gd32f10x_dma.o(i.dma_periph_and_channel_check) for dma_periph_and_channel_check
    gd32f10x_dma.o(i.dma_periph_width_config) refers to gd32f10x_dma.o(i.dma_periph_and_channel_check) for dma_periph_and_channel_check
[...]
    GD32F10x_Firmware_Library\\GD32F10x_standard_peripheral\\Source\\gd32f10x_crc.c 0x00000000   Number         0  gd32f10x_crc.o ABSOLUTE
    GD32F10x_Firmware_Library\\GD32F10x_standard_peripheral\\Source\\gd32f10x_dac.c 0x00000000   Number         0  gd32f10x_dac.o ABSOLUTE
    GD32F10x_Firmware_Library\\GD32F10x_standard_peripheral\\Source\\gd32f10x_dbg.c 0x00000000   Number         0  gd32f10x_dbg.o ABSOLUTE
    GD32F10x_Firmware_Library\\GD32F10x_standard_peripheral\\Source\\gd32f10x_dma.c 0x00000000   Number         0  gd32f10x_dma.o ABSOLUTE
    GD32F10x_Firmware_Library\\GD32F10x_standard_peripheral\\Source\\gd32f10x_enet.c 0x00000000   Number         0  gd32f10x_enet.o ABSOLUTE
    GD32F10x_Firmware_Library\\GD32F10x_standard_peripheral\\Source\\gd32f10x_exmc.c 0x00000000   Number         0  gd32f10x_exmc.o ABSOLUTE
    GD32F10x_Firmware_Library\\GD32F10x_standard_peripheral\\Source\\gd32f10x_exti.c 0x00000000   Number         0  gd32f10x_exti.o ABSOLUTE
    GD32F10x_Firmware_Library\\GD32F10x_standard_peripheral\\Source\\gd32f10x_fmc.c 0x00000000   Number         0  gd32f10x_fmc.o ABSOLUTE
    GD32F10x_Firmware_Library\\GD32F10x_standard_peripheral\\Source\\gd32f10x_fwdgt.c 0x00000000   Number         0  gd32f10x_fwdgt.o ABSOLUTE
    GD32F10x_Firmware_Library\\GD32F10x_standard_peripheral\\Source\\gd32f10x_gpio.c 0x00000000   Number         0  gd32f10x_gpio.o ABSOLUTE
    GD32F10x_Firmware_Library\\GD32F10x_standard_peripheral\\Source\\gd32f10x_i2c.c 0x00000000   Number         0  gd32f10x_i2c.o ABSOLUTE
    GD32F10x_Firmware_Library\\GD32F10x_standard_peripheral\\Source\\gd32f10x_misc.c 0x00000000   Number         0  gd32f10x_misc.o ABSOLUTE
    GD32F10x_Firmware_Library\\GD32F10x_standard_peripheral\\Source\\gd32f10x_pmu.c 0x00000000   Number         0  gd32f10x_pmu.o ABSOLUTE
    GD32F10x_Firmware_Library\\GD32F10x_standard_peripheral\\Source\\gd32f10x_rcu.c 0x00000000   Number         0  gd32f10x_rcu.o ABSOLUTE
    GD32F10x_Firmware_Library\\GD32F10x_standard_peripheral\\Source\\gd32f10x_rtc.c 0x00000000   Number         0  gd32f10x_rtc.o ABSOLUTE
    GD32F10x_Firmware_Library\\GD32F10x_standard_peripheral\\Source\\gd32f10x_sdio.c 0x00000000   Number         0  gd32f10x_sdio.o ABSOLUTE
    GD32F10x_Firmware_Library\\GD32F10x_standard_peripheral\\Source\\gd32f10x_spi.c 0x00000000   Number         0  gd32f10x_spi.o ABSOLUTE
    GD32F10x_Firmware_Library\\GD32F10x_standard_peripheral\\Source\\gd32f10x_timer.c 0x00000000   Number         0  gd32f10x_timer.o ABSOLUTE
    GD32F10x_Firmware_Library\\GD32F10x_standard_peripheral\\Source\\gd32f10x_usart.c 0x00000000   Number         0  gd32f10x_usart.o ABSOLUTE
    GD32F10x_Firmware_Library\\GD32F10x_standard_peripheral\\Source\\gd32f10x_wwdgt.c 0x00000000   Number         0  gd32f10x_wwdgt.o ABSOLUTE
    Logger\ulog.c                            0x00000000   Number         0  ulog.o ABSOLUTE
    dc.s                                     0x00000000   Number         0  dc.o ABSOLUTE
    RESET                                    0x08000000   Section      304  startup_gd32f10x_hd.o(RESET)
    !!!main                                  0x08000130   Section        8  __main.o(!!!main)
    !!!scatter                               0x08000138   Section       52  __scatter.o(!!!scatter)
    !!handler_copy                           0x0800016c   Section       26  __scatter_copy.o(!!handler_copy)
    !!handler_zi                             0x08000188   Section       28  __scatter_zi.o(!!handler_zi)
    .ARM.Collect$$_printf_percent$$00000000  0x080001a4   Section        0  _printf_percent.o(.ARM.Collect$$_printf_percent$$00000000)
    .ARM.Collect$$_printf_percent$$00000001  0x080001a4   Section        6  _printf_n.o(.ARM.Collect$$_printf_percent$$00000001)
    .ARM.Collect$$_printf_percent$$00000002  0x080001aa   Section        6  _printf_p.o(.ARM.Collect$$_printf_percent$$00000002)
    .ARM.Collect$$_printf_percent$$00000003  0x080001b0   Section        6  _printf_f.o(.ARM.Collect$$_printf_percent$$00000003)
    .ARM.Collect$$_printf_percent$$00000004  0x080001b6   Section        6  _printf_e.o(.ARM.Collect$$_printf_percent$$00000004)
    .ARM.Collect$$_printf_percent$$00000005  0x080001bc   Section        6  _printf_g.o(.ARM.Collect$$_printf_percent$$00000005)
    .ARM.Collect$$_printf_percent$$00000006  0x080001c2   Section        6  _printf_a.o(.ARM.Collect$$_printf_percent$$00000006)
    .ARM.Collect$$_printf_percent$$00000007  0x080001c8   Section       10  _printf_ll.o(.ARM.Collect$$_printf_percent$$00000007)
    .ARM.Collect$$_printf_percent$$00000008  0x080001d2   Section        6  _printf_i.o(.ARM.Collect$$_printf_percent$$00000008)
    .ARM.Collect$$_printf_percent$$00000009  0x080001d8   Section        6  _printf_d.o(.ARM.Collect$$_printf_percent$$00000009)
    .ARM.Collect$$_printf_percent$$0000000A  0x080001de   Section        6  _printf_u.o(.ARM.Collect$$_printf_percent$$0000000A)
    .ARM.Collect$$_printf_percent$$0000000B  0x080001e4   Section        6  _printf_o.o(.ARM.Collect$$_printf_percent$$0000000B)
    .ARM.Collect$$_printf_percent$$0000000C  0x080001ea   Section        6  _printf_x.o(.ARM.Collect$$_printf_percent$$0000000C)
    .ARM.Collect$$_printf_percent$$0000000D  0x080001f0   Section        6  _printf_lli.o(.ARM.Collect$$_printf_percent$$0000000D)
    .ARM.Collect$$_printf_percent$$0000000E  0x080001f6   Section        6  _printf_lld.o(.ARM.Collect$$_printf_percent$$0000000E)
    .ARM.Collect$$_printf_percent$$0000000F  0x080001fc   Section        6  _printf_llu.o(.ARM.Collect$$_printf_percent$$0000000F)
    .ARM.Collect$$_printf_percent$$00000010  0x08000202   Section        6  _printf_llo.o(.ARM.Collect$$_printf_percent$$00000010)
    .ARM.Collect$$_printf_percent$$00000011  0x08000208   Section        6  _printf_llx.o(.ARM.Collect$$_printf_percent$$00000011)
    .ARM.Collect$$_printf_percent$$00000012  0x0800020e   Section       10  _printf_l.o(.ARM.Collect$$_printf_percent$$00000012)
    .ARM.Collect$$_printf_percent$$00000013  0x08000218   Section        6  _printf_c.o(.ARM.Collect$$_printf_percent$$00000013)
    .ARM.Collect$$_printf_percent$$00000014  0x0800021e   Section        6  _printf_s.o(.ARM.Collect$$_printf_percent$$00000014)
    .ARM.Collect$$_printf_percent$$00000015  0x08000224   Section        6  _printf_lc.o(.ARM.Collect$$_printf_percent$$00000015)
    .ARM.Collect$$_printf_percent$$00000016  0x0800022a   Section        6  _printf_ls.o(.ARM.Collect$$_printf_percent$$00000016)
    .ARM.Collect$$_printf_percent$$00000017  0x08000230   Section        4  _printf_percent_end.o(.ARM.Collect$$_printf_percent$$00000017)
    .ARM.Collect$$libinit$$00000000          0x08000234   Section        2  libinit.o(.ARM.Collect$$libinit$$00000000)
    .ARM.Collect$$libinit$$00000002          0x08000236   Section        0  libinit2.o(.ARM.Collect$$libinit$$00000002)
    .ARM.Collect$$libinit$$00000004          0x08000236   Section        0  libinit2.o(.ARM.Collect$$libinit$$00000004)
    .ARM.Collect$$libinit$$00000005          0x08000236   Section        8  libinit2.o(.ARM.Collect$$libinit$$00000005)
    .ARM.Collect$$libinit$$0000000A          0x0800023e   Section        0  libinit2.o(.ARM.Collect$$libinit$$0000000A)
    .ARM.Collect$$libinit$$0000000C          0x0800023e   Section        0  libinit2.o(.ARM.Collect$$libinit$$0000000C)
    .ARM.Collect$$libinit$$0000000E          0x0800023e   Section        0  libinit2.o(.ARM.Collect$$libinit$$0000000E)
    .ARM.Collect$$libinit$$0000000F          0x0800023e   Section        6  libinit2.o(.ARM.Collect$$libinit$$0000000F)
    .ARM.Collect$$libinit$$00000011          0x08000244   Section        0  libinit2.o(.ARM.Collect$$libinit$$00000011)
    .ARM.Collect$$libinit$$00000012          0x08000244   Section       12  libinit2.o(.ARM.Collect$$libinit$$00000012)
    .ARM.Collect$$libinit$$00000013          0x08000250   Section        0  libinit2.o(.ARM.Collect$$libinit$$00000013)
    .ARM.Collect$$libinit$$00000015          0x08000250   Section        0  libinit2.o(.ARM.Collect$$libinit$$00000015)
    .ARM.Collect$$libinit$$00000016          0x08000250   Section       10  libinit2.o(.ARM.Collect$$libinit$$00000016)
    .ARM.Collect$$libinit$$00000017          0x0800025a   Section        0  libinit2.o(.ARM.Collect$$libinit$$00000017)
    .ARM.Collect$$libinit$$00000019          0x0800025a   Section        0  libinit2.o(.ARM.Collect$$libinit$$00000019)
    .ARM.Collect$$libinit$$0000001B          0x0800025a   Section        0  libinit2.o(.ARM.Collect$$libinit$$0000001B)
    .ARM.Collect$$libinit$$0000001D          0x0800025a   Section        0  libinit2.o(.ARM.Collect$$libinit$$0000001D)
    .ARM.Collect$$libinit$$0000001F          0x0800025a   Section        0  libinit2.o(.ARM.Collect$$libinit$$0000001F)
    .ARM.Collect$$libinit$$00000021          0x0800025a   Section        0  libinit2.o(.ARM.Collect$$libinit$$00000021)
    .ARM.Collect$$libinit$$00000023          0x0800025a   Section        0  libinit2.o(.ARM.Collect$$libinit$$00000023)
    .ARM.Collect$$libinit$$00000024          0x0800025a   Section        4  libinit2.o(.ARM.Collect$$libinit$$00000024)
    .ARM.Collect$$libinit$$00000025          0x0800025e   Section        0  libinit2.o(.ARM.Collect$$libinit$$00000025)
    .ARM.Collect$$libinit$$0000002C          0x0800025e   Section        0  libinit2.o(.ARM.Collect$$libinit$$0000002C)
    .ARM.Collect$$libinit$$0000002E          0x0800025e   Section        0  libinit2.o(.ARM.Collect$$libinit$$0000002E)
    .ARM.Collect$$libinit$$00000030          0x0800025e   Section        0  libinit2.o(.ARM.Collect$$libinit$$00000030)
    .ARM.Collect$$libinit$$00000032          0x0800025e   Section        0  libinit2.o(.ARM.Collect$$libinit$$00000032)
    .ARM.Collect$$libinit$$00000033          0x0800025e   Section        2  libinit2.o(.ARM.Collect$$libinit$$00000033)
    .ARM.Collect$$libshutdown$$00000000      0x08000260   Section        2  libshutdown.o(.ARM.Collect$$libshutdown$$00000000)
    .ARM.Collect$$libshutdown$$00000002      0x08000262   Section        0  libshutdown2.o(.ARM.Collect$$libshutdown$$00000002)
    .ARM.Collect$$libshutdown$$00000003      0x08000262   Section        4  libshutdown2.o(.ARM.Collect$$libshutdown$$00000003)
    .ARM.Collect$$libshutdown$$00000004      0x08000266   Section        0  libshutdown2.o(.ARM.Collect$$libshutdown$$00000004)
    .ARM.Collect$$libshutdown$$00000007      0x08000266   Section        0  libshutdown2.o(.ARM.Collect$$libshutdown$$00000007)
    .ARM.Collect$$libshutdown$$0000000A      0x08000266   Section        0  libshutdown2.o(.ARM.Collect$$libshutdown$$0000000A)
    .ARM.Collect$$libshutdown$$0000000C      0x08000266   Section        0  libshutdown2.o(.ARM.Collect$$libshutdown$$0000000C)
    .ARM.Collect$$libshutdown$$0000000F      0x08000266   Section        0  libshutdown2.o(.ARM.Collect$$libshutdown$$0000000F)
    .ARM.Collect$$libshutdown$$00000010      0x08000266   Section        2  libshutdown2.o(.ARM.Collect$$libshutdown$$00000010)
    .ARM.Collect$$rtentry$$00000000          0x08000268   Section        0  __rtentry.o(.ARM.Collect$$rtentry$$00000000)
    .ARM.Collect$$rtentry$$00000002          0x08000268   Section        0  __rtentry2.o(.ARM.Collect$$rtentry$$00000002)
    .ARM.Collect$$rtentry$$00000004          0x08000268   Section        6  __rtentry4.o(.ARM.Collect$$rtentry$$00000004)
    .ARM.Collect$$rtentry$$00000009          0x0800026e   Section        0  __rtentry2.o(.ARM.Collect$$rtentry$$00000009)
    .ARM.Collect$$rtentry$$0000000A          0x0800026e   Section        4  __rtentry2.o(.ARM.Collect$$rtentry$$0000000A)
    .ARM.Collect$$rtentry$$0000000C          0x08000272   Section        0  __rtentry2.o(.ARM.Collect$$rtentry$$0000000C)
    .ARM.Collect$$rtentry$$0000000D          0x08000272   Section        8  __rtentry2.o(.ARM.Collect$$rtentry$$0000000D)
    .ARM.Collect$$rtexit$$00000000           0x0800027a   Section        2  rtexit.o(.ARM.Collect$$rtexit$$00000000)
    .ARM.Collect$$rtexit$$00000002           0x0800027c   Section        0  rtexit2.o(.ARM.Collect$$rtexit$$00000002)
    .ARM.Collect$$rtexit$$00000003           0x0800027c   Section        4  rtexit2.o(.ARM.Collect$$rtexit$$00000003)
    .ARM.Collect$$rtexit$$00000004           0x08000280   Section        6  rtexit2.o(.ARM.Collect$$rtexit$$00000004)
    .emb_text                                0x08000288   Section        0  maybetermalloc1.o(.emb_text)
    .text                                    0x08000288   Section       64  startup_gd32f10x_hd.o(.text)
    .text                                    0x080002c8   Section        0  c89vsnprintf.o(.text)
    .text                                    0x080002fc   Section        0  __2printf.o(.text)
    .text                                    0x08000314   Section        0  _printf_str.o(.text)
    .text                                    0x08000368   Section        0  __printf_flags_ss_wp.o(.text)
    .text                                    0x080004f0   Section       78  rt_memclr_w.o(.text)
    .text                                    0x0800053e   Section        0  heapauxi.o(.text)
    .text                                    0x08000544   Section        0  _printf_pad.o(.text)
    .text                                    0x08000592   Section        0  _printf_truncate.o(.text)
    .text                                    0x080005b8   Section        0  _printf_dec.o(.text)
    .text                                    0x08000630   Section        0  _printf_charcount.o(.text)
    .text                                    0x08000658   Section        0  _printf_char_common.o(.text)
    _printf_input_char                       0x08000659   Thumb Code    10  _printf_char_common.o(.text)
    .text                                    0x08000688   Section        0  _sputc.o(.text)
    .text                                    0x08000692   Section        0  _snputc.o(.text)
    .text                                    0x080006a2   Section        0  _printf_char.o(.text)
    .text                                    0x080006d0   Section        0  _printf_char_file.o(.text)
    .text                                    0x080006f4   Section        0  _printf_wctomb.o(.text)
    .text                                    0x080007b0   Section        0  _printf_longlong_dec.o(.text)
    .text                                    0x0800082c   Section        0  _printf_oct_int_ll.o(.text)
    _printf_longlong_oct_internal            0x0800082d   Thumb Code     0  _printf_oct_int_ll.o(.text)
    .text                                    0x0800089c   Section        0  _printf_hex_int_ll_ptr.o(.text)
    _printf_hex_common                       0x0800089d   Thumb Code     0  _printf_hex_int_ll_ptr.o(.text)
    .text                                    0x08000930   Section      138  lludiv10.o(.text)
    .text                                    0x080009ba   Section        0  _printf_intcommon.o(.text)
    .text                                    0x08000a6c   Section        0  _printf_fp_dec.o(.text)
    _fp_digits                               0x08000a6f   Thumb Code   428  _printf_fp_dec.o(.text)
    .text                                    0x08000e86   Section        0  _printf_wchar.o(.text)
    .text                                    0x08000eb2   Section        0  ferror.o(.text)
    .text                                    0x08000ebc   Section        0  initio.o(.text)
    .text                                    0x08000ff4   Section        0  _wcrtomb.o(.text)
    .text                                    0x08001034   Section        0  sys_io.o(.text)
    .text                                    0x0800109a   Section       74  sys_stackheap_outer.o(.text)
    .text                                    0x080010e4   Section       16  rt_ctype_table.o(.text)
    .text                                    0x080010f4   Section        8  rt_locale_intlibspace.o(.text)
    .text                                    0x080010fc   Section        0  h1_free.o(.text)
    .text                                    0x0800114c   Section        0  _printf_fp_infnan.o(.text)
    .text                                    0x080011cc   Section        0  bigflt0.o(.text)
    .text                                    0x080012a8   Section        0  flsbuf.o(.text)
    .text                                    0x0800147e   Section        0  setvbuf.o(.text)
    .text                                    0x080014c4   Section        0  fopen.o(.text)
    _freopen_locked                          0x080014c5   Thumb Code     0  fopen.o(.text)
    .text                                    0x080015b0   Section        0  fclose.o(.text)
    .text                                    0x080015fc   Section        0  exit.o(.text)
    .text                                    0x0800160e   Section        0  defsig_rtred_outer.o(.text)
    .text                                    0x0800161c   Section        8  libspace.o(.text)
    .text                                    0x08001624   Section        2  use_no_semi.o(.text)
    .text                                    0x08001626   Section        0  indicate_semi.o(.text)
    .text                                    0x08001628   Section        8  rt_heap_descriptor_intlibspace.o(.text)
    .text                                    0x08001630   Section        0  hguard.o(.text)
    .text                                    0x08001634   Section        0  init_alloc.o(.text)
    .text                                    0x080016be   Section        0  h1_alloc.o(.text)
    .text                                    0x0800171c   Section        0  fseek.o(.text)
    .text                                    0x08001814   Section        0  stdio.o(.text)
    .text                                    0x08001904   Section        0  defsig_exit.o(.text)
    .text                                    0x08001910   Section        0  defsig_rtred_inner.o(.text)
    .text                                    0x08001944   Section        0  strlen.o(.text)
    .text                                    0x08001984   Section      128  strcmpv7m.o(.text)
    .text                                    0x08001a04   Section        0  sys_exit.o(.text)
    .text                                    0x08001a10   Section        0  h1_init.o(.text)
    .text                                    0x08001a1e   Section        0  h1_extend.o(.text)
    .text                                    0x08001a52   Section        0  ftell.o(.text)
    .text                                    0x08001a94   Section        0  defsig_general.o(.text)
    .text                                    0x08001ac6   Section        0  defsig_rtmem_outer.o(.text)
    .text                                    0x08001ad4   Section        0  sys_wrch.o(.text)
    .text                                    0x08001ae4   Section        8  rt_errno_addr_intlibspace.o(.text)
    .text                                    0x08001aec   Section        0  defsig_rtmem_inner.o(.text)
    CL$$btod_d2e                             0x08001b3c   Section       62  btod.o(CL$$btod_d2e)
    CL$$btod_d2e_denorm_low                  0x08001b7a   Section       70  btod.o(CL$$btod_d2e_denorm_low)
    CL$$btod_d2e_norm_op1                    0x08001bc0   Section       96  btod.o(CL$$btod_d2e_norm_op1)
    CL$$btod_div_common                      0x08001c20   Section      824  btod.o(CL$$btod_div_common)
    CL$$btod_e2e                             0x08001f58   Section      198  btod.o(CL$$btod_e2e)
    CL$$btod_ediv                            0x0800201e   Section       40  btod.o(CL$$btod_ediv)
    CL$$btod_emul                            0x08002046   Section       40  btod.o(CL$$btod_emul)
    CL$$btod_mult_common                     0x0800206e   Section      580  btod.o(CL$$btod_mult_common)
    i.BusFault_Handler                       0x080022b2   Section        0  gd32f10x_it.o(i.BusFault_Handler)
    i.DebugMon_Handler                       0x080022b6   Section        0  gd32f10x_it.o(i.DebugMon_Handler)
    i.HardFault_Handler                      0x080022b8   Section        0  gd32f10x_it.o(i.HardFault_Handler)
    i.MemManage_Handler                      0x080022bc   Section        0  gd32f10x_it.o(i.MemManage_Handler)
    i.NMI_Handler                            0x080022c0   Section        0  gd32f10x_it.o(i.NMI_Handler)
    i.NVIC_SetPriority                       0x080022c4   Section        0  systick.o(i.NVIC_SetPriority)
    NVIC_SetPriority                         0x080022c5   Thumb Code    32  systick.o(i.NVIC_SetPriority)
    i.PendSV_Handler                         0x080022ec   Section        0  gd32f10x_it.o(i.PendSV_Handler)
    i.SVC_Handler                            0x080022ee   Section        0  gd32f10x_it.o(i.SVC_Handler)
    i.SysTick_Handler                        0x080022f0   Section        0  gd32f10x_it.o(i.SysTick_Handler)
    i.SystemInit                             0x080022f8   Section        0  system_gd32f10x.o(i.SystemInit)
    i.UsageFault_Handler                     0x080023cc   Section        0  gd32f10x_it.o(i.UsageFault_Handler)
    i.__ARM_fpclassify                       0x080023d0   Section        0  fpclassify.o(i.__ARM_fpclassify)
    i._is_digit                              0x080023f8   Section        0  __printf_wp.o(i._is_digit)
    i.console_logger                         0x08002408   Section        0  ulog.o(i.console_logger)
    i.delay_decrement                        0x08002448   Section        0  systick.o(i.delay_decrement)
    i.fputc                                  0x08002460   Section        0  fputc.o(i.fputc)
    i.main                                   0x0800247c   Section        0  main.o(i.main)
    i.nvic_vector_table_set                  0x080024ac   Section        0  gd32f10x_misc.o(i.nvic_vector_table_set)
    i.system_clock_108m_hxtal                0x080024c4   Section        0  system_gd32f10x.o(i.system_clock_108m_hxtal)
    system_clock_108m_hxtal                  0x080024c5   Thumb Code   182  system_gd32f10x.o(i.system_clock_108m_hxtal)
    i.system_clock_config                    0x08002588   Section        0  system_gd32f10x.o(i.system_clock_config)
    system_clock_config                      0x08002589   Thumb Code     8  system_gd32f10x.o(i.system_clock_config)
    i.systick_config                         0x08002590   Section        0  systick.o(i.systick_config)
    i.ulog_init                              0x080025e0   Section        0  ulog.o(i.ulog_init)
    i.ulog_level_name                        0x080025fc   Section        0  ulog.o(i.ulog_level_name)
    i.ulog_message                           0x08002678   Section        0  ulog.o(i.ulog_message)
    i.ulog_subscribe                         0x080026cc   Section        0  ulog.o(i.ulog_subscribe)
    locale$$code                             0x0800271c   Section       44  lc_numeric_c.o(locale$$code)
    locale$$code                             0x08002748   Section       44  lc_ctype_c.o(locale$$code)
    x$fpl$printf1                            0x08002774   Section        4  printf1.o(x$fpl$printf1)
    .constdata                               0x08002778   Section       17  __printf_flags_ss_wp.o(.constdata)
    x$fpl$usenofp                            0x08002778   Section        0  usenofp.o(x$fpl$usenofp)
    maptable                                 0x08002778   Data          17  __printf_flags_ss_wp.o(.constdata)
    .constdata                               0x0800278c   Section        8  _printf_wctomb.o(.constdata)
    initial_mbstate                          0x0800278c   Data           8  _printf_wctomb.o(.constdata)
    .constdata                               0x08002794   Section       40  _printf_hex_int_ll_ptr.o(.constdata)
    uc_hextab                                0x08002794   Data          20  _printf_hex_int_ll_ptr.o(.constdata)
    lc_hextab                                0x080027a8   Data          20  _printf_hex_int_ll_ptr.o(.constdata)
    .constdata                               0x080027bc   Section        4  sys_io.o(.constdata)
    .constdata                               0x080027c0   Section        4  sys_io.o(.constdata)
    .constdata                               0x080027c4   Section        4  sys_io.o(.constdata)
    .constdata                               0x080027c8   Section      148  bigflt0.o(.constdata)
    tenpwrs_x                                0x080027c8   Data          60  bigflt0.o(.constdata)
    tenpwrs_i                                0x08002804   Data          64  bigflt0.o(.constdata)
    locale$$data                             0x0800287c   Section       28  lc_numeric_c.o(locale$$data)
    __lcnum_c_name                           0x08002880   Data           2  lc_numeric_c.o(locale$$data)
    __lcnum_c_start                          0x08002888   Data           0  lc_numeric_c.o(locale$$data)
    __lcnum_c_point                          0x08002894   Data           0  lc_numeric_c.o(locale$$data)
    __lcnum_c_thousands                      0x08002896   Data           0  lc_numeric_c.o(locale$$data)
    __lcnum_c_grouping                       0x08002897   Data           0  lc_numeric_c.o(locale$$data)
    locale$$data                             0x08002898   Section      272  lc_ctype_c.o(locale$$data)
    __lcnum_c_end                            0x08002898   Data           0  lc_numeric_c.o(locale$$data)
    __lcctype_c_name                         0x0800289c   Data           2  lc_ctype_c.o(locale$$data)
    __lcctype_c_start                        0x080028a4   Data           0  lc_ctype_c.o(locale$$data)
    __lcctype_c_end                          0x080029a8   Data           0  lc_ctype_c.o(locale$$data)
    .data                                    0x20000000   Section        4  systick.o(.data)
    delay                                    0x20000000   Data           4  systick.o(.data)
    .data                                    0x20000004   Section        4  system_gd32f10x.o(.data)
    .data                                    0x20000008   Section        4  stdio_streams.o(.data)
    .data                                    0x2000000c   Section        4  stdio_streams.o(.data)
    .data                                    0x20000010   Section        4  stdio_streams.o(.data)
    .bss                                     0x20000014   Section      168  ulog.o(.bss)
    s_subscribers                            0x20000014   Data          48  ulog.o(.bss)
    s_message                                0x20000044   Data         120  ulog.o(.bss)
    .bss                                     0x200000bc   Section       84  stdio_streams.o(.bss)
    .bss                                     0x20000110   Section       84  stdio_streams.o(.bss)
    .bss                                     0x20000164   Section       84  stdio_streams.o(.bss)
    .bss                                     0x200001b8   Section       96  libspace.o(.bss)
    HEAP                                     0x20000218   Section      512  startup_gd32f10x_hd.o(HEAP)
    Heap_Mem                                 0x20000218   Data         512  startup_gd32f10x_hd.o(HEAP)
    STACK                                    0x20000418   Section     1024  startup_gd32f10x_hd.o(STACK)
    Stack_Mem                                0x20000418   Data        1024  startup_gd32f10x_hd.o(STACK)
    __initial_sp                             0x20000818   Data           0  startup_gd32f10x_hd.o(STACK)

    Global Symbols

    Symbol Name                              Value     Ov Type        Size  Object(Section)

    BuildAttributes$$THM_ISAv4$P$D$K$B$S$PE$A:L22UL41UL21$X:L11$S22US41US21$IEEE1$IW$USESV6$~STKCKD$USESV7$~SHL$OTIME$ROPI$IEEEJ$EBA8$UX$STANDARDLIB$REQ8$PRES8$EABIv2 0x00000000   Number         0  anon$$obj.o ABSOLUTE
    __ARM_use_no_argv                        0x00000000   Number         0  main.o ABSOLUTE
    _printf_flags                            0x00000000   Number         0  printf_stubs.o ABSOLUTE
    _printf_return_value                     0x00000000   Number         0  printf_stubs.o ABSOLUTE
    _printf_sizespec                         0x00000000   Number         0  printf_stubs.o ABSOLUTE
    _printf_widthprec                        0x00000000   Number         0  printf_stubs.o ABSOLUTE
    __ARM_exceptions_init                     - Undefined Weak Reference
    __alloca_initialize                       - Undefined Weak Reference
    __arm_preinit_                            - Undefined Weak Reference
    __cpp_initialize__aeabi_                  - Undefined Weak Reference
    __cxa_finalize                            - Undefined Weak Reference
    __sigvec_lookup                           - Undefined Weak Reference
    __user_heap_extent                        - Undefined Weak Reference
    _atexit_init                              - Undefined Weak Reference
    _call_atexit_fns                          - Undefined Weak Reference
    _clock_init                               - Undefined Weak Reference
    _fp_trap_init                             - Undefined Weak Reference
    _fp_trap_shutdown                         - Undefined Weak Reference
    _get_lc_collate                           - Undefined Weak Reference
    _get_lc_monetary                          - Undefined Weak Reference
    _get_lc_time                              - Undefined Weak Reference
    _getenv_init                              - Undefined Weak Reference
    _handle_redirection                       - Undefined Weak Reference
    _mutex_acquire                            - Undefined Weak Reference
    _mutex_free                               - Undefined Weak Reference
    _mutex_release                            - Undefined Weak Reference
    _printf_fp_hex                            - Undefined Weak Reference
    _printf_mbtowc                            - Undefined Weak Reference
    _printf_wc                                - Undefined Weak Reference
    _rand_init                                - Undefined Weak Reference
    _signal_finish                            - Undefined Weak Reference
    _signal_init                              - Undefined Weak Reference
    __Vectors_Size                           0x00000130   Number         0  startup_gd32f10x_hd.o ABSOLUTE
    __Vectors                                0x08000000   Data           4  startup_gd32f10x_hd.o(RESET)
    __Vectors_End                            0x08000130   Data           0  startup_gd32f10x_hd.o(RESET)
    __main                                   0x08000131   Thumb Code     8  __main.o(!!!main)
    __scatterload                            0x08000139   Thumb Code     0  __scatter.o(!!!scatter)
    __scatterload_rt2                        0x08000139   Thumb Code    44  __scatter.o(!!!scatter)
    __scatterload_rt2_thumb_only             0x08000139   Thumb Code     0  __scatter.o(!!!scatter)
    __scatterload_null                       0x08000147   Thumb Code     0  __scatter.o(!!!scatter)
    __scatterload_copy                       0x0800016d   Thumb Code    26  __scatter_copy.o(!!handler_copy)
    __scatterload_zeroinit                   0x08000189   Thumb Code    28  __scatter_zi.o(!!handler_zi)
    _printf_n                                0x080001a5   Thumb Code     0  _printf_n.o(.ARM.Collect$$_printf_percent$$00000001)
    _printf_percent                          0x080001a5   Thumb Code     0  _printf_percent.o(.ARM.Collect$$_printf_percent$$00000000)
    _printf_p                                0x080001ab   Thumb Code     0  _printf_p.o(.ARM.Collect$$_printf_percent$$00000002)
    _printf_f                                0x080001b1   Thumb Code     0  _printf_f.o(.ARM.Collect$$_printf_percent$$00000003)
    _printf_e                                0x080001b7   Thumb Code     0  _printf_e.o(.ARM.Collect$$_printf_percent$$00000004)
    _printf_g                                0x080001bd   Thumb Code     0  _printf_g.o(.ARM.Collect$$_printf_percent$$00000005)
    _printf_a                                0x080001c3   Thumb Code     0  _printf_a.o(.ARM.Collect$$_printf_percent$$00000006)
    _printf_ll                               0x080001c9   Thumb Code     0  _printf_ll.o(.ARM.Collect$$_printf_percent$$00000007)
    _printf_i                                0x080001d3   Thumb Code     0  _printf_i.o(.ARM.Collect$$_printf_percent$$00000008)
    _printf_d                                0x080001d9   Thumb Code     0  _printf_d.o(.ARM.Collect$$_printf_percent$$00000009)
    _printf_u                                0x080001df   Thumb Code     0  _printf_u.o(.ARM.Collect$$_printf_percent$$0000000A)
    _printf_o                                0x080001e5   Thumb Code     0  _printf_o.o(.ARM.Collect$$_printf_percent$$0000000B)
    _printf_x                                0x080001eb   Thumb Code     0  _printf_x.o(.ARM.Collect$$_printf_percent$$0000000C)
    _printf_lli                              0x080001f1   Thumb Code     0  _printf_lli.o(.ARM.Collect$$_printf_percent$$0000000D)
    _printf_lld                              0x080001f7   Thumb Code     0  _printf_lld.o(.ARM.Collect$$_printf_percent$$0000000E)
    _printf_llu                              0x080001fd   Thumb Code     0  _printf_llu.o(.ARM.Collect$$_printf_percent$$0000000F)
    _printf_llo                              0x08000203   Thumb Code     0  _printf_llo.o(.ARM.Collect$$_printf_percent$$00000010)
    _printf_llx                              0x08000209   Thumb Code     0  _printf_llx.o(.ARM.Collect$$_printf_percent$$00000011)
    _printf_l                                0x0800020f   Thumb Code     0  _printf_l.o(.ARM.Collect$$_printf_percent$$00000012)
    _printf_c                                0x08000219   Thumb Code     0  _printf_c.o(.ARM.Collect$$_printf_percent$$00000013)
    _printf_s                                0x0800021f   Thumb Code     0  _printf_s.o(.ARM.Collect$$_printf_percent$$00000014)
    _printf_lc                               0x08000225   Thumb Code     0  _printf_lc.o(.ARM.Collect$$_printf_percent$$00000015)
    _printf_ls                               0x0800022b   Thumb Code     0  _printf_ls.o(.ARM.Collect$$_printf_percent$$00000016)
    _printf_percent_end                      0x08000231   Thumb Code     0  _printf_percent_end.o(.ARM.Collect$$_printf_percent$$00000017)
    __rt_lib_init                            0x08000235   Thumb Code     0  libinit.o(.ARM.Collect$$libinit$$00000000)
    __rt_lib_init_fp_1                       0x08000237   Thumb Code     0  libinit2.o(.ARM.Collect$$libinit$$00000002)
    __rt_lib_init_heap_2                     0x08000237   Thumb Code     0  libinit2.o(.ARM.Collect$$libinit$$00000005)
    __rt_lib_init_preinit_1                  0x08000237   Thumb Code     0  libinit2.o(.ARM.Collect$$libinit$$00000004)
    __rt_lib_init_heap_1                     0x0800023f   Thumb Code     0  libinit2.o(.ARM.Collect$$libinit$$0000000A)
    __rt_lib_init_lc_common                  0x0800023f   Thumb Code     0  libinit2.o(.ARM.Collect$$libinit$$0000000F)
    __rt_lib_init_rand_1                     0x0800023f   Thumb Code     0  libinit2.o(.ARM.Collect$$libinit$$0000000E)
    __rt_lib_init_user_alloc_1               0x0800023f   Thumb Code     0  libinit2.o(.ARM.Collect$$libinit$$0000000C)
    __rt_lib_init_lc_collate_1               0x08000245   Thumb Code     0  libinit2.o(.ARM.Collect$$libinit$$00000011)
    __rt_lib_init_lc_ctype_2                 0x08000245   Thumb Code     0  libinit2.o(.ARM.Collect$$libinit$$00000012)
    __rt_lib_init_lc_ctype_1                 0x08000251   Thumb Code     0  libinit2.o(.ARM.Collect$$libinit$$00000013)
    __rt_lib_init_lc_monetary_1              0x08000251   Thumb Code     0  libinit2.o(.ARM.Collect$$libinit$$00000015)
    __rt_lib_init_lc_numeric_2               0x08000251   Thumb Code     0  libinit2.o(.ARM.Collect$$libinit$$00000016)
    __rt_lib_init_atexit_1                   0x0800025b   Thumb Code     0  libinit2.o(.ARM.Collect$$libinit$$0000001B)
    __rt_lib_init_clock_1                    0x0800025b   Thumb Code     0  libinit2.o(.ARM.Collect$$libinit$$00000021)
    __rt_lib_init_fp_trap_1                  0x0800025b   Thumb Code     0  libinit2.o(.ARM.Collect$$libinit$$0000001F)
    __rt_lib_init_getenv_1                   0x0800025b   Thumb Code     0  libinit2.o(.ARM.Collect$$libinit$$00000023)
    __rt_lib_init_lc_numeric_1               0x0800025b   Thumb Code     0  libinit2.o(.ARM.Collect$$libinit$$00000017)
    __rt_lib_init_lc_time_1                  0x0800025b   Thumb Code     0  libinit2.o(.ARM.Collect$$libinit$$00000019)
    __rt_lib_init_signal_1                   0x0800025b   Thumb Code     0  libinit2.o(.ARM.Collect$$libinit$$0000001D)
    __rt_lib_init_stdio_2                    0x0800025b   Thumb Code     0  libinit2.o(.ARM.Collect$$libinit$$00000024)
    __rt_lib_init_alloca_1                   0x0800025f   Thumb Code     0  libinit2.o(.ARM.Collect$$libinit$$0000002E)
    __rt_lib_init_argv_1                     0x0800025f   Thumb Code     0  libinit2.o(.ARM.Collect$$libinit$$0000002C)
    __rt_lib_init_cpp_1                      0x0800025f   Thumb Code     0  libinit2.o(.ARM.Collect$$libinit$$00000032)
    __rt_lib_init_exceptions_1               0x0800025f   Thumb Code     0  libinit2.o(.ARM.Collect$$libinit$$00000030)
    __rt_lib_init_return                     0x0800025f   Thumb Code     0  libinit2.o(.ARM.Collect$$libinit$$00000033)
    __rt_lib_init_stdio_1                    0x0800025f   Thumb Code     0  libinit2.o(.ARM.Collect$$libinit$$00000025)
    __rt_lib_shutdown                        0x08000261   Thumb Code     0  libshutdown.o(.ARM.Collect$$libshutdown$$00000000)
    __rt_lib_shutdown_cpp_1                  0x08000263   Thumb Code     0  libshutdown2.o(.ARM.Collect$$libshutdown$$00000002)
    __rt_lib_shutdown_stdio_2                0x08000263   Thumb Code     0  libshutdown2.o(.ARM.Collect$$libshutdown$$00000003)
    __rt_lib_shutdown_fp_trap_1              0x08000267   Thumb Code     0  libshutdown2.o(.ARM.Collect$$libshutdown$$00000007)
    __rt_lib_shutdown_heap_1                 0x08000267   Thumb Code     0  libshutdown2.o(.ARM.Collect$$libshutdown$$0000000F)
    __rt_lib_shutdown_return                 0x08000267   Thumb Code     0  libshutdown2.o(.ARM.Collect$$libshutdown$$00000010)
    __rt_lib_shutdown_signal_1               0x08000267   Thumb Code     0  libshutdown2.o(.ARM.Collect$$libshutdown$$0000000A)
    __rt_lib_shutdown_stdio_1                0x08000267   Thumb Code     0  libshutdown2.o(.ARM.Collect$$libshutdown$$00000004)
    __rt_lib_shutdown_user_alloc_1           0x08000267   Thumb Code     0  libshutdown2.o(.ARM.Collect$$libshutdown$$0000000C)
    __rt_entry                               0x08000269   Thumb Code     0  __rtentry.o(.ARM.Collect$$rtentry$$00000000)
    __rt_entry_presh_1                       0x08000269   Thumb Code     0  __rtentry2.o(.ARM.Collect$$rtentry$$00000002)
    __rt_entry_sh                            0x08000269   Thumb Code     0  __rtentry4.o(.ARM.Collect$$rtentry$$00000004)
    __rt_entry_li                            0x0800026f   Thumb Code     0  __rtentry2.o(.ARM.Collect$$rtentry$$0000000A)
    __rt_entry_postsh_1                      0x0800026f   Thumb Code     0  __rtentry2.o(.ARM.Collect$$rtentry$$00000009)
    __rt_entry_main                          0x08000273   Thumb Code     0  __rtentry2.o(.ARM.Collect$$rtentry$$0000000D)
    __rt_entry_postli_1                      0x08000273   Thumb Code     0  __rtentry2.o(.ARM.Collect$$rtentry$$0000000C)
    __rt_exit                                0x0800027b   Thumb Code     0  rtexit.o(.ARM.Collect$$rtexit$$00000000)
    __rt_exit_ls                             0x0800027d   Thumb Code     0  rtexit2.o(.ARM.Collect$$rtexit$$00000003)
    __rt_exit_prels_1                        0x0800027d   Thumb Code     0  rtexit2.o(.ARM.Collect$$rtexit$$00000002)
    __rt_exit_exit                           0x08000281   Thumb Code     0  rtexit2.o(.ARM.Collect$$rtexit$$00000004)
    Reset_Handler                            0x08000289   Thumb Code     8  startup_gd32f10x_hd.o(.text)
    _maybe_terminate_alloc                   0x08000289   Thumb Code     0  maybetermalloc1.o(.emb_text)
    ADC0_1_IRQHandler                        0x080002a3   Thumb Code     0  startup_gd32f10x_hd.o(.text)
    ADC2_IRQHandler                          0x080002a3   Thumb Code     0  startup_gd32f10x_hd.o(.text)
    CAN0_EWMC_IRQHandler                     0x080002a3   Thumb Code     0  startup_gd32f10x_hd.o(.text)
    CAN0_RX1_IRQHandler                      0x080002a3   Thumb Code     0  startup_gd32f10x_hd.o(.text)
    DMA0_Channel0_IRQHandler                 0x080002a3   Thumb Code     0  startup_gd32f10x_hd.o(.text)
    DMA0_Channel1_IRQHandler                 0x080002a3   Thumb Code     0  startup_gd32f10x_hd.o(.text)
    DMA0_Channel2_IRQHandler                 0x080002a3   Thumb Code     0  startup_gd32f10x_hd.o(.text)
    DMA0_Channel3_IRQHandler                 0x080002a3   Thumb Code     0  startup_gd32f10x_hd.o(.text)
    DMA0_Channel4_IRQHandler                 0x080002a3   Thumb Code     0  startup_gd32f10x_hd.o(.text)
    DMA0_Channel5_IRQHandler                 0x080002a3   Thumb Code     0  startup_gd32f10x_hd.o(.text)
    DMA0_Channel6_IRQHandler                 0x080002a3   Thumb Code     0  startup_gd32f10x_hd.o(.text)
    DMA1_Channel0_IRQHandler                 0x080002a3   Thumb Code     0  startup_gd32f10x_hd.o(.text)
    DMA1_Channel1_IRQHandler                 0x080002a3   Thumb Code     0  startup_gd32f10x_hd.o(.text)
    DMA1_Channel2_IRQHandler                 0x080002a3   Thumb Code     0  startup_gd32f10x_hd.o(.text)
    DMA1_Channel3_4_IRQHandler               0x080002a3   Thumb Code     0  startup_gd32f10x_hd.o(.text)
    EXMC_IRQHandler                          0x080002a3   Thumb Code     0  startup_gd32f10x_hd.o(.text)
    EXTI0_IRQHandler                         0x080002a3   Thumb Code     0  startup_gd32f10x_hd.o(.text)
    EXTI10_15_IRQHandler                     0x080002a3   Thumb Code     0  startup_gd32f10x_hd.o(.text)
    EXTI1_IRQHandler                         0x080002a3   Thumb Code     0  startup_gd32f10x_hd.o(.text)
    EXTI2_IRQHandler                         0x080002a3   Thumb Code     0  startup_gd32f10x_hd.o(.text)
    EXTI3_IRQHandler                         0x080002a3   Thumb Code     0  startup_gd32f10x_hd.o(.text)
    EXTI4_IRQHandler                         0x080002a3   Thumb Code     0  startup_gd32f10x_hd.o(.text)
    EXTI5_9_IRQHandler                       0x080002a3   Thumb Code     0  startup_gd32f10x_hd.o(.text)
    FMC_IRQHandler                           0x080002a3   Thumb Code     0  startup_gd32f10x_hd.o(.text)
    I2C0_ER_IRQHandler                       0x080002a3   Thumb Code     0  startup_gd32f10x_hd.o(.text)
    I2C0_EV_IRQHandler                       0x080002a3   Thumb Code     0  startup_gd32f10x_hd.o(.text)
    I2C1_ER_IRQHandler                       0x080002a3   Thumb Code     0  startup_gd32f10x_hd.o(.text)
    I2C1_EV_IRQHandler                       0x080002a3   Thumb Code     0  startup_gd32f10x_hd.o(.text)
    LVD_IRQHandler                           0x080002a3   Thumb Code     0  startup_gd32f10x_hd.o(.text)
    RCU_IRQHandler                           0x080002a3   Thumb Code     0  startup_gd32f10x_hd.o(.text)
    RTC_Alarm_IRQHandler                     0x080002a3   Thumb Code     0  startup_gd32f10x_hd.o(.text)
    RTC_IRQHandler                           0x080002a3   Thumb Code     0  startup_gd32f10x_hd.o(.text)
    SDIO_IRQHandler                          0x080002a3   Thumb Code     0  startup_gd32f10x_hd.o(.text)
    SPI0_IRQHandler                          0x080002a3   Thumb Code     0  startup_gd32f10x_hd.o(.text)
    SPI1_IRQHandler                          0x080002a3   Thumb Code     0  startup_gd32f10x_hd.o(.text)
    SPI2_IRQHandler                          0x080002a3   Thumb Code     0  startup_gd32f10x_hd.o(.text)
    TAMPER_IRQHandler                        0x080002a3   Thumb Code     0  startup_gd32f10x_hd.o(.text)
    TIMER0_BRK_IRQHandler                    0x080002a3   Thumb Code     0  startup_gd32f10x_hd.o(.text)
    TIMER0_Channel_IRQHandler                0x080002a3   Thumb Code     0  startup_gd32f10x_hd.o(.text)
    TIMER0_TRG_CMT_IRQHandler                0x080002a3   Thumb Code     0  startup_gd32f10x_hd.o(.text)
    TIMER0_UP_IRQHandler                     0x080002a3   Thumb Code     0  startup_gd32f10x_hd.o(.text)
    TIMER1_IRQHandler                        0x080002a3   Thumb Code     0  startup_gd32f10x_hd.o(.text)
    TIMER2_IRQHandler                        0x080002a3   Thumb Code     0  startup_gd32f10x_hd.o(.text)
    TIMER3_IRQHandler                        0x080002a3   Thumb Code     0  startup_gd32f10x_hd.o(.text)
    TIMER4_IRQHandler                        0x080002a3   Thumb Code     0  startup_gd32f10x_hd.o(.text)
    TIMER5_IRQHandler                        0x080002a3   Thumb Code     0  startup_gd32f10x_hd.o(.text)
    TIMER6_IRQHandler                        0x080002a3   Thumb Code     0  startup_gd32f10x_hd.o(.text)
    TIMER7_BRK_IRQHandler                    0x080002a3   Thumb Code     0  startup_gd32f10x_hd.o(.text)
    TIMER7_Channel_IRQHandler                0x080002a3   Thumb Code     0  startup_gd32f10x_hd.o(.text)
    TIMER7_TRG_CMT_IRQHandler                0x080002a3   Thumb Code     0  startup_gd32f10x_hd.o(.text)
    TIMER7_UP_IRQHandler                     0x080002a3   Thumb Code     0  startup_gd32f10x_hd.o(.text)
    UART3_IRQHandler                         0x080002a3   Thumb Code     0  startup_gd32f10x_hd.o(.text)
    UART4_IRQHandler                         0x080002a3   Thumb Code     0  startup_gd32f10x_hd.o(.text)
    USART0_IRQHandler                        0x080002a3   Thumb Code     0  startup_gd32f10x_hd.o(.text)
    USART1_IRQHandler                        0x080002a3   Thumb Code     0  startup_gd32f10x_hd.o(.text)
    USART2_IRQHandler                        0x080002a3   Thumb Code     0  startup_gd32f10x_hd.o(.text)
    USBD_HP_CAN0_TX_IRQHandler               0x080002a3   Thumb Code     0  startup_gd32f10x_hd.o(.text)
    USBD_LP_CAN0_RX0_IRQHandler              0x080002a3   Thumb Code     0  startup_gd32f10x_hd.o(.text)
    USBD_WKUP_IRQHandler                     0x080002a3   Thumb Code     0  startup_gd32f10x_hd.o(.text)
    WWDGT_IRQHandler                         0x080002a3   Thumb Code     0  startup_gd32f10x_hd.o(.text)
    __user_initial_stackheap                 0x080002a5   Thumb Code    10  startup_gd32f10x_hd.o(.text)
    __c89vsnprintf                           0x080002c9   Thumb Code    48  c89vsnprintf.o(.text)
    __2printf                                0x080002fd   Thumb Code    20  __2printf.o(.text)
    _printf_str                              0x08000315   Thumb Code    82  _printf_str.o(.text)
    __printf                                 0x08000369   Thumb Code   388  __printf_flags_ss_wp.o(.text)
    __aeabi_memclr4                          0x080004f1   Thumb Code     0  rt_memclr_w.o(.text)
    __aeabi_memclr8                          0x080004f1   Thumb Code     0  rt_memclr_w.o(.text)
    __rt_memclr_w                            0x080004f1   Thumb Code    78  rt_memclr_w.o(.text)
    _memset_w                                0x080004f5   Thumb Code     0  rt_memclr_w.o(.text)
    __use_two_region_memory                  0x0800053f   Thumb Code     2  heapauxi.o(.text)
    __rt_heap_escrow                         0x08000541   Thumb Code     2  heapauxi.o(.text)
    __rt_heap_expand                         0x08000543   Thumb Code     2  heapauxi.o(.text)
    _printf_pre_padding                      0x08000545   Thumb Code    44  _printf_pad.o(.text)
    _printf_post_padding                     0x08000571   Thumb Code    34  _printf_pad.o(.text)
    _printf_truncate_signed                  0x08000593   Thumb Code    18  _printf_truncate.o(.text)
    _printf_truncate_unsigned                0x080005a5   Thumb Code    18  _printf_truncate.o(.text)
    _printf_int_dec                          0x080005b9   Thumb Code   104  _printf_dec.o(.text)
    _printf_charcount                        0x08000631   Thumb Code    40  _printf_charcount.o(.text)
    _printf_char_common                      0x08000663   Thumb Code    32  _printf_char_common.o(.text)
    _sputc                                   0x08000689   Thumb Code    10  _sputc.o(.text)
    _snputc                                  0x08000693   Thumb Code    16  _snputc.o(.text)
    _printf_cs_common                        0x080006a3   Thumb Code    20  _printf_char.o(.text)
    _printf_char                             0x080006b7   Thumb Code    16  _printf_char.o(.text)
    _printf_string                           0x080006c7   Thumb Code     8  _printf_char.o(.text)
    _printf_char_file                        0x080006d1   Thumb Code    32  _printf_char_file.o(.text)
    _printf_wctomb                           0x080006f5   Thumb Code   182  _printf_wctomb.o(.text)
    _printf_longlong_dec                     0x080007b1   Thumb Code   108  _printf_longlong_dec.o(.text)
    _printf_longlong_oct                     0x0800082d   Thumb Code    68  _printf_oct_int_ll.o(.text)
    _printf_int_oct                          0x08000871   Thumb Code    24  _printf_oct_int_ll.o(.text)
    _printf_ll_oct                           0x08000889   Thumb Code    12  _printf_oct_int_ll.o(.text)
    _printf_longlong_hex                     0x0800089d   Thumb Code    86  _printf_hex_int_ll_ptr.o(.text)
    _printf_int_hex                          0x080008f3   Thumb Code    28  _printf_hex_int_ll_ptr.o(.text)
    _printf_ll_hex                           0x0800090f   Thumb Code    12  _printf_hex_int_ll_ptr.o(.text)
    _printf_hex_ptr                          0x0800091b   Thumb Code    18  _printf_hex_int_ll_ptr.o(.text)
    _ll_udiv10                               0x08000931   Thumb Code   138  lludiv10.o(.text)
    _printf_int_common                       0x080009bb   Thumb Code   178  _printf_intcommon.o(.text)
    __lib_sel_fp_printf                      0x08000a6d   Thumb Code     2  _printf_fp_dec.o(.text)
    _printf_fp_dec_real                      0x08000c1b   Thumb Code   620  _printf_fp_dec.o(.text)
    _printf_lcs_common                       0x08000e87   Thumb Code    20  _printf_wchar.o(.text)
    _printf_wchar                            0x08000e9b   Thumb Code    16  _printf_wchar.o(.text)
    _printf_wstring                          0x08000eab   Thumb Code     8  _printf_wchar.o(.text)
    ferror                                   0x08000eb3   Thumb Code     8  ferror.o(.text)
    _initio                                  0x08000ebd   Thumb Code   210  initio.o(.text)
    _terminateio                             0x08000f8f   Thumb Code    56  initio.o(.text)
    _wcrtomb                                 0x08000ff5   Thumb Code    64  _wcrtomb.o(.text)
    _sys_open                                0x08001035   Thumb Code    20  sys_io.o(.text)
    _sys_close                               0x08001049   Thumb Code    12  sys_io.o(.text)
    _sys_write                               0x08001055   Thumb Code    16  sys_io.o(.text)
    _sys_read                                0x08001065   Thumb Code    14  sys_io.o(.text)
    _sys_istty                               0x08001073   Thumb Code    12  sys_io.o(.text)
    _sys_seek                                0x0800107f   Thumb Code    14  sys_io.o(.text)
    _sys_ensure                              0x0800108d   Thumb Code     2  sys_io.o(.text)
    _sys_flen                                0x0800108f   Thumb Code    12  sys_io.o(.text)
    __user_setup_stackheap                   0x0800109b   Thumb Code    74  sys_stackheap_outer.o(.text)
    __rt_ctype_table                         0x080010e5   Thumb Code    16  rt_ctype_table.o(.text)
    __rt_locale                              0x080010f5   Thumb Code     8  rt_locale_intlibspace.o(.text)
    free                                     0x080010fd   Thumb Code    78  h1_free.o(.text)
    _printf_fp_infnan                        0x0800114d   Thumb Code   112  _printf_fp_infnan.o(.text)
    _btod_etento                             0x080011cd   Thumb Code   216  bigflt0.o(.text)
    __flsbuf                                 0x080012a9   Thumb Code   470  flsbuf.o(.text)
    __flsbuf_byte                            0x080012a9   Thumb Code     0  flsbuf.o(.text)
    __flsbuf_wide                            0x080012a9   Thumb Code     0  flsbuf.o(.text)
    setvbuf                                  0x0800147f   Thumb Code    70  setvbuf.o(.text)
    freopen                                  0x080014c5   Thumb Code   158  fopen.o(.text)
    fopen                                    0x08001563   Thumb Code    74  fopen.o(.text)
    _fclose_internal                         0x080015b1   Thumb Code    76  fclose.o(.text)
    fclose                                   0x080015b1   Thumb Code     0  fclose.o(.text)
    exit                                     0x080015fd   Thumb Code    18  exit.o(.text)
    __rt_SIGRTRED                            0x0800160f   Thumb Code    14  defsig_rtred_outer.o(.text)
    __user_libspace                          0x0800161d   Thumb Code     8  libspace.o(.text)
    __user_perproc_libspace                  0x0800161d   Thumb Code     0  libspace.o(.text)
    __user_perthread_libspace                0x0800161d   Thumb Code     0  libspace.o(.text)
    __I$use$semihosting                      0x08001625   Thumb Code     0  use_no_semi.o(.text)
    __use_no_semihosting_swi                 0x08001625   Thumb Code     2  use_no_semi.o(.text)
    __semihosting_library_function           0x08001627   Thumb Code     0  indicate_semi.o(.text)
    __rt_heap_descriptor                     0x08001629   Thumb Code     8  rt_heap_descriptor_intlibspace.o(.text)
    __use_no_heap                            0x08001631   Thumb Code     2  hguard.o(.text)
    __heap$guard                             0x08001633   Thumb Code     2  hguard.o(.text)
    _terminate_user_alloc                    0x08001635   Thumb Code     2  init_alloc.o(.text)
    _init_user_alloc                         0x08001637   Thumb Code     2  init_alloc.o(.text)
    __Heap_Full                              0x08001639   Thumb Code    34  init_alloc.o(.text)
    __Heap_Broken                            0x0800165b   Thumb Code     6  init_alloc.o(.text)
    _init_alloc                              0x08001661   Thumb Code    94  init_alloc.o(.text)
    malloc                                   0x080016bf   Thumb Code    94  h1_alloc.o(.text)
    _fseek                                   0x0800171d   Thumb Code   242  fseek.o(.text)
    fseek                                    0x0800171d   Thumb Code     0  fseek.o(.text)
    _seterr                                  0x08001815   Thumb Code    20  stdio.o(.text)
    _writebuf                                0x08001829   Thumb Code    84  stdio.o(.text)
    _fflush                                  0x0800187d   Thumb Code    70  stdio.o(.text)
    _deferredlazyseek                        0x080018c3   Thumb Code    60  stdio.o(.text)
    __sig_exit                               0x08001905   Thumb Code    10  defsig_exit.o(.text)
    __rt_SIGRTRED_inner                      0x08001911   Thumb Code    14  defsig_rtred_inner.o(.text)
    strlen                                   0x08001945   Thumb Code    62  strlen.o(.text)
    strcmp                                   0x08001985   Thumb Code   128  strcmpv7m.o(.text)
    _sys_exit                                0x08001a05   Thumb Code     8  sys_exit.o(.text)
    __Heap_Initialize                        0x08001a11   Thumb Code    10  h1_init.o(.text)
    __Heap_DescSize                          0x08001a1b   Thumb Code     4  h1_init.o(.text)
    __Heap_ProvideMemory                     0x08001a1f   Thumb Code    52  h1_extend.o(.text)
    _ftell_internal                          0x08001a53   Thumb Code    66  ftell.o(.text)
    ftell                                    0x08001a53   Thumb Code     0  ftell.o(.text)
    __default_signal_display                 0x08001a95   Thumb Code    50  defsig_general.o(.text)
    __rt_SIGRTMEM                            0x08001ac7   Thumb Code    14  defsig_rtmem_outer.o(.text)
    _ttywrch                                 0x08001ad5   Thumb Code    14  sys_wrch.o(.text)
    __aeabi_errno_addr                       0x08001ae5   Thumb Code     8  rt_errno_addr_intlibspace.o(.text)
    __errno$intlibspace                      0x08001ae5   Thumb Code     0  rt_errno_addr_intlibspace.o(.text)
    __rt_errno_addr$intlibspace              0x08001ae5   Thumb Code     0  rt_errno_addr_intlibspace.o(.text)
    __rt_SIGRTMEM_inner                      0x08001aed   Thumb Code    22  defsig_rtmem_inner.o(.text)
    _btod_d2e                                0x08001b3d   Thumb Code    62  btod.o(CL$$btod_d2e)
    _d2e_denorm_low                          0x08001b7b   Thumb Code    70  btod.o(CL$$btod_d2e_denorm_low)
    _d2e_norm_op1                            0x08001bc1   Thumb Code    96  btod.o(CL$$btod_d2e_norm_op1)
    __btod_div_common                        0x08001c21   Thumb Code   696  btod.o(CL$$btod_div_common)
    _e2e                                     0x08001f59   Thumb Code   198  btod.o(CL$$btod_e2e)
    _btod_ediv                               0x0800201f   Thumb Code    40  btod.o(CL$$btod_ediv)
    _btod_emul                               0x08002047   Thumb Code    40  btod.o(CL$$btod_emul)
    __btod_mult_common                       0x0800206f   Thumb Code   580  btod.o(CL$$btod_mult_common)
    BusFault_Handler                         0x080022b3   Thumb Code     4  gd32f10x_it.o(i.BusFault_Handler)
    DebugMon_Handler                         0x080022b7   Thumb Code     2  gd32f10x_it.o(i.DebugMon_Handler)
    HardFault_Handler                        0x080022b9   Thumb Code     4  gd32f10x_it.o(i.HardFault_Handler)
    MemManage_Handler                        0x080022bd   Thumb Code     4  gd32f10x_it.o(i.MemManage_Handler)
    NMI_Handler                              0x080022c1   Thumb Code     2  gd32f10x_it.o(i.NMI_Handler)
    PendSV_Handler                           0x080022ed   Thumb Code     2  gd32f10x_it.o(i.PendSV_Handler)
    SVC_Handler                              0x080022ef   Thumb Code     2  gd32f10x_it.o(i.SVC_Handler)
    SysTick_Handler                          0x080022f1   Thumb Code     8  gd32f10x_it.o(i.SysTick_Handler)
    SystemInit                               0x080022f9   Thumb Code   196  system_gd32f10x.o(i.SystemInit)
    UsageFault_Handler                       0x080023cd   Thumb Code     4  gd32f10x_it.o(i.UsageFault_Handler)
    __ARM_fpclassify                         0x080023d1   Thumb Code    40  fpclassify.o(i.__ARM_fpclassify)
    _is_digit                                0x080023f9   Thumb Code    14  __printf_wp.o(i._is_digit)
    console_logger                           0x08002409   Thumb Code    28  ulog.o(i.console_logger)
    delay_decrement                          0x08002449   Thumb Code    18  systick.o(i.delay_decrement)
    fputc                                    0x08002461   Thumb Code    26  fputc.o(i.fputc)
    main                                     0x0800247d   Thumb Code    22  main.o(i.main)
    nvic_vector_table_set                    0x080024ad   Thumb Code    16  gd32f10x_misc.o(i.nvic_vector_table_set)
    systick_config                           0x08002591   Thumb Code    74  systick.o(i.systick_config)
    ulog_init                                0x080025e1   Thumb Code    20  ulog.o(i.ulog_init)
    ulog_level_name                          0x080025fd   Thumb Code    54  ulog.o(i.ulog_level_name)
    ulog_message                             0x08002679   Thumb Code    74  ulog.o(i.ulog_message)
    ulog_subscribe                           0x080026cd   Thumb Code    76  ulog.o(i.ulog_subscribe)
    _get_lc_numeric                          0x0800271d   Thumb Code    44  lc_numeric_c.o(locale$$code)
    _get_lc_ctype                            0x08002749   Thumb Code    44  lc_ctype_c.o(locale$$code)
    _printf_fp_dec                           0x08002775   Thumb Code     4  printf1.o(x$fpl$printf1)
    __I$use$fp                               0x08002778   Number         0  usenofp.o(x$fpl$usenofp)
    __stdin_name                             0x080027bc   Data           4  sys_io.o(.constdata)
    __stdout_name                            0x080027c0   Data           4  sys_io.o(.constdata)
    __stderr_name                            0x080027c4   Data           4  sys_io.o(.constdata)
    Region$$Table$$Base                      0x0800285c   Number         0  anon$$obj.o(Region$$Table)
    Region$$Table$$Limit                     0x0800287c   Number         0  anon$$obj.o(Region$$Table)
    __ctype                                  0x080028a5   Data           0  lc_ctype_c.o(locale$$data)
    SystemCoreClock                          0x20000004   Data           4  system_gd32f10x.o(.data)
    __aeabi_stdin                            0x20000008   Data           4  stdio_streams.o(.data)
    __aeabi_stdout                           0x2000000c   Data           4  stdio_streams.o(.data)
    __aeabi_stderr                           0x20000010   Data           4  stdio_streams.o(.data)
    __stdin                                  0x200000bc   Data          84  stdio_streams.o(.bss)
    __stdout                                 0x20000110   Data          84  stdio_streams.o(.bss)
    __stderr                                 0x20000164   Data          84  stdio_streams.o(.bss)
    __libspace_start                         0x200001b8   Data          96  libspace.o(.bss)
    __temporary_stack_top$libspace           0x20000218   Data           0  libspace.o(.bss)



==============================================================================

Memory Map of the image

  Image Entry point : 0x08000131

  Load Region LR_IROM1 (Base: 0x08000000, Size: 0x000029bc, Max: 0x00080000, ABSOLUTE)

    Execution Region ER_IROM1 (Base: 0x08000000, Size: 0x000029a8, Max: 0x00080000, ABSOLUTE)

    Base Addr    Size         Type   Attr      Idx    E Section Name        Object

    0x08000000   0x00000130   Data   RO         3818    RESET               startup_gd32f10x_hd.o
    0x08000130   0x00000008   Code   RO         3918  * !!!main             c_w.l(__main.o)
    0x08000138   0x00000034   Code   RO         4391    !!!scatter          c_w.l(__scatter.o)
    0x0800016c   0x0000001a   Code   RO         4393    !!handler_copy      c_w.l(__scatter_copy.o)
    0x08000186   0x00000002   PAD
    0x08000188   0x0000001c   Code   RO         4395    !!handler_zi        c_w.l(__scatter_zi.o)
    0x080001a4   0x00000000   Code   RO         3913    .ARM.Collect$$_printf_percent$$00000000  c_w.l(_printf_percent.o)
    0x080001a4   0x00000006   Code   RO         3972    .ARM.Collect$$_printf_percent$$00000001  c_w.l(_printf_n.o)
    0x080001aa   0x00000006   Code   RO         3974    .ARM.Collect$$_printf_percent$$00000002  c_w.l(_printf_p.o)
    0x080001b0   0x00000006   Code   RO         3979    .ARM.Collect$$_printf_percent$$00000003  c_w.l(_printf_f.o)
    0x080001b6   0x00000006   Code   RO         3980    .ARM.Collect$$_printf_percent$$00000004  c_w.l(_printf_e.o)
    0x080001bc   0x00000006   Code   RO         3981    .ARM.Collect$$_printf_percent$$00000005  c_w.l(_printf_g.o)
    0x080001c2   0x00000006   Code   RO         3982    .ARM.Collect$$_printf_percent$$00000006  c_w.l(_printf_a.o)
    0x080001c8   0x0000000a   Code   RO         3987    .ARM.Collect$$_printf_percent$$00000007  c_w.l(_printf_ll.o)
    0x080001d2   0x00000006   Code   RO         3976    .ARM.Collect$$_printf_percent$$00000008  c_w.l(_printf_i.o)
    0x080001d8   0x00000006   Code   RO         3977    .ARM.Collect$$_printf_percent$$00000009  c_w.l(_printf_d.o)
    0x080001de   0x00000006   Code   RO         3978    .ARM.Collect$$_printf_percent$$0000000A  c_w.l(_printf_u.o)
    0x080001e4   0x00000006   Code   RO         3975    .ARM.Collect$$_printf_percent$$0000000B  c_w.l(_printf_o.o)
    0x080001ea   0x00000006   Code   RO         3973    .ARM.Collect$$_printf_percent$$0000000C  c_w.l(_printf_x.o)
    0x080001f0   0x00000006   Code   RO         3984    .ARM.Collect$$_printf_percent$$0000000D  c_w.l(_printf_lli.o)
    0x080001f6   0x00000006   Code   RO         3985    .ARM.Collect$$_printf_percent$$0000000E  c_w.l(_printf_lld.o)
    0x080001fc   0x00000006   Code   RO         3986    .ARM.Collect$$_printf_percent$$0000000F  c_w.l(_printf_llu.o)
    0x08000202   0x00000006   Code   RO         3991    .ARM.Collect$$_printf_percent$$00000010  c_w.l(_printf_llo.o)
    0x08000208   0x00000006   Code   RO         3992    .ARM.Collect$$_printf_percent$$00000011  c_w.l(_printf_llx.o)
    0x0800020e   0x0000000a   Code   RO         3988    .ARM.Collect$$_printf_percent$$00000012  c_w.l(_printf_l.o)
    0x08000218   0x00000006   Code   RO         3971    .ARM.Collect$$_printf_percent$$00000013  c_w.l(_printf_c.o)
    0x0800021e   0x00000006   Code   RO         3912    .ARM.Collect$$_printf_percent$$00000014  c_w.l(_printf_s.o)
    0x08000224   0x00000006   Code   RO         3989    .ARM.Collect$$_printf_percent$$00000015  c_w.l(_printf_lc.o)
    0x0800022a   0x00000006   Code   RO         3990    .ARM.Collect$$_printf_percent$$00000016  c_w.l(_printf_ls.o)
    0x08000230   0x00000004   Code   RO         3983    .ARM.Collect$$_printf_percent$$00000017  c_w.l(_printf_percent_end.o)
    0x08000234   0x00000002   Code   RO         4168    .ARM.Collect$$libinit$$00000000  c_w.l(libinit.o)
    0x08000236   0x00000000   Code   RO         4170    .ARM.Collect$$libinit$$00000002  c_w.l(libinit2.o)
    0x08000236   0x00000000   Code   RO         4172    .ARM.Collect$$libinit$$00000004  c_w.l(libinit2.o)
    0x08000236   0x00000008   Code   RO         4173    .ARM.Collect$$libinit$$00000005  c_w.l(libinit2.o)
    0x0800023e   0x00000000   Code   RO         4175    .ARM.Collect$$libinit$$0000000A  c_w.l(libinit2.o)
    0x0800023e   0x00000000   Code   RO         4177    .ARM.Collect$$libinit$$0000000C  c_w.l(libinit2.o)
    0x0800023e   0x00000000   Code   RO         4179    .ARM.Collect$$libinit$$0000000E  c_w.l(libinit2.o)
    0x0800023e   0x00000006   Code   RO         4180    .ARM.Collect$$libinit$$0000000F  c_w.l(libinit2.o)
    0x08000244   0x00000000   Code   RO         4182    .ARM.Collect$$libinit$$00000011  c_w.l(libinit2.o)
    0x08000244   0x0000000c   Code   RO         4183    .ARM.Collect$$libinit$$00000012  c_w.l(libinit2.o)
    0x08000250   0x00000000   Code   RO         4184    .ARM.Collect$$libinit$$00000013  c_w.l(libinit2.o)
    0x08000250   0x00000000   Code   RO         4186    .ARM.Collect$$libinit$$00000015  c_w.l(libinit2.o)
    0x08000250   0x0000000a   Code   RO         4187    .ARM.Collect$$libinit$$00000016  c_w.l(libinit2.o)
    0x0800025a   0x00000000   Code   RO         4188    .ARM.Collect$$libinit$$00000017  c_w.l(libinit2.o)
    0x0800025a   0x00000000   Code   RO         4190    .ARM.Collect$$libinit$$00000019  c_w.l(libinit2.o)
    0x0800025a   0x00000000   Code   RO         4192    .ARM.Collect$$libinit$$0000001B  c_w.l(libinit2.o)
    0x0800025a   0x00000000   Code   RO         4194    .ARM.Collect$$libinit$$0000001D  c_w.l(libinit2.o)
    0x0800025a   0x00000000   Code   RO         4196    .ARM.Collect$$libinit$$0000001F  c_w.l(libinit2.o)
    0x0800025a   0x00000000   Code   RO         4198    .ARM.Collect$$libinit$$00000021  c_w.l(libinit2.o)
    0x0800025a   0x00000000   Code   RO         4200    .ARM.Collect$$libinit$$00000023  c_w.l(libinit2.o)
    0x0800025a   0x00000004   Code   RO         4201    .ARM.Collect$$libinit$$00000024  c_w.l(libinit2.o)
    0x0800025e   0x00000000   Code   RO         4202    .ARM.Collect$$libinit$$00000025  c_w.l(libinit2.o)
    0x0800025e   0x00000000   Code   RO         4206    .ARM.Collect$$libinit$$0000002C  c_w.l(libinit2.o)
    0x0800025e   0x00000000   Code   RO         4208    .ARM.Collect$$libinit$$0000002E  c_w.l(libinit2.o)
    0x0800025e   0x00000000   Code   RO         4210    .ARM.Collect$$libinit$$00000030  c_w.l(libinit2.o)
    0x0800025e   0x00000000   Code   RO         4212    .ARM.Collect$$libinit$$00000032  c_w.l(libinit2.o)
    0x0800025e   0x00000002   Code   RO         4213    .ARM.Collect$$libinit$$00000033  c_w.l(libinit2.o)
    0x08000260   0x00000002   Code   RO         4370    .ARM.Collect$$libshutdown$$00000000  c_w.l(libshutdown.o)
    0x08000262   0x00000000   Code   RO         4215    .ARM.Collect$$libshutdown$$00000002  c_w.l(libshutdown2.o)
    0x08000262   0x00000004   Code   RO         4216    .ARM.Collect$$libshutdown$$00000003  c_w.l(libshutdown2.o)
    0x08000266   0x00000000   Code   RO         4217    .ARM.Collect$$libshutdown$$00000004  c_w.l(libshutdown2.o)
    0x08000266   0x00000000   Code   RO         4220    .ARM.Collect$$libshutdown$$00000007  c_w.l(libshutdown2.o)
    0x08000266   0x00000000   Code   RO         4223    .ARM.Collect$$libshutdown$$0000000A  c_w.l(libshutdown2.o)
    0x08000266   0x00000000   Code   RO         4225    .ARM.Collect$$libshutdown$$0000000C  c_w.l(libshutdown2.o)
    0x08000266   0x00000000   Code   RO         4228    .ARM.Collect$$libshutdown$$0000000F  c_w.l(libshutdown2.o)
    0x08000266   0x00000002   Code   RO         4229    .ARM.Collect$$libshutdown$$00000010  c_w.l(libshutdown2.o)
    0x08000268   0x00000000   Code   RO         3920    .ARM.Collect$$rtentry$$00000000  c_w.l(__rtentry.o)
    0x08000268   0x00000000   Code   RO         4002    .ARM.Collect$$rtentry$$00000002  c_w.l(__rtentry2.o)
    0x08000268   0x00000006   Code   RO         4014    .ARM.Collect$$rtentry$$00000004  c_w.l(__rtentry4.o)
    0x0800026e   0x00000000   Code   RO         4004    .ARM.Collect$$rtentry$$00000009  c_w.l(__rtentry2.o)
    0x0800026e   0x00000004   Code   RO         4005    .ARM.Collect$$rtentry$$0000000A  c_w.l(__rtentry2.o)
    0x08000272   0x00000000   Code   RO         4007    .ARM.Collect$$rtentry$$0000000C  c_w.l(__rtentry2.o)
    0x08000272   0x00000008   Code   RO         4008    .ARM.Collect$$rtentry$$0000000D  c_w.l(__rtentry2.o)
    0x0800027a   0x00000002   Code   RO         4243    .ARM.Collect$$rtexit$$00000000  c_w.l(rtexit.o)
    0x0800027c   0x00000000   Code   RO         4306    .ARM.Collect$$rtexit$$00000002  c_w.l(rtexit2.o)
    0x0800027c   0x00000004   Code   RO         4307    .ARM.Collect$$rtexit$$00000003  c_w.l(rtexit2.o)
    0x08000280   0x00000006   Code   RO         4308    .ARM.Collect$$rtexit$$00000004  c_w.l(rtexit2.o)
    0x08000286   0x00000002   PAD
    0x08000288   0x00000000   Code   RO         4312    .emb_text           c_w.l(maybetermalloc1.o)
    0x08000288   0x00000040   Code   RO         3819    .text               startup_gd32f10x_hd.o
    0x080002c8   0x00000034   Code   RO         3882    .text               c_w.l(c89vsnprintf.o)
    0x080002fc   0x00000018   Code   RO         3884    .text               c_w.l(__2printf.o)
    0x08000314   0x00000052   Code   RO         3890    .text               c_w.l(_printf_str.o)
    0x08000366   0x00000002   PAD
    0x08000368   0x00000188   Code   RO         3909    .text               c_w.l(__printf_flags_ss_wp.o)
    0x080004f0   0x0000004e   Code   RO         3914    .text               c_w.l(rt_memclr_w.o)
    0x0800053e   0x00000006   Code   RO         3916    .text               c_w.l(heapauxi.o)
    0x08000544   0x0000004e   Code   RO         3921    .text               c_w.l(_printf_pad.o)
    0x08000592   0x00000024   Code   RO         3923    .text               c_w.l(_printf_truncate.o)
    0x080005b6   0x00000002   PAD
    0x080005b8   0x00000078   Code   RO         3925    .text               c_w.l(_printf_dec.o)
    0x08000630   0x00000028   Code   RO         3927    .text               c_w.l(_printf_charcount.o)
    0x08000658   0x00000030   Code   RO         3929    .text               c_w.l(_printf_char_common.o)
    0x08000688   0x0000000a   Code   RO         3931    .text               c_w.l(_sputc.o)
    0x08000692   0x00000010   Code   RO         3933    .text               c_w.l(_snputc.o)
    0x080006a2   0x0000002c   Code   RO         3935    .text               c_w.l(_printf_char.o)
    0x080006ce   0x00000002   PAD
    0x080006d0   0x00000024   Code   RO         3937    .text               c_w.l(_printf_char_file.o)
    0x080006f4   0x000000bc   Code   RO         3939    .text               c_w.l(_printf_wctomb.o)
    0x080007b0   0x0000007c   Code   RO         3942    .text               c_w.l(_printf_longlong_dec.o)
    0x0800082c   0x00000070   Code   RO         3948    .text               c_w.l(_printf_oct_int_ll.o)
    0x0800089c   0x00000094   Code   RO         3968    .text               c_w.l(_printf_hex_int_ll_ptr.o)
    0x08000930   0x0000008a   Code   RO         4016    .text               c_w.l(lludiv10.o)
    0x080009ba   0x000000b2   Code   RO         4018    .text               c_w.l(_printf_intcommon.o)
    0x08000a6c   0x0000041a   Code   RO         4020    .text               c_w.l(_printf_fp_dec.o)
    0x08000e86   0x0000002c   Code   RO         4024    .text               c_w.l(_printf_wchar.o)
    0x08000eb2   0x00000008   Code   RO         4026    .text               c_w.l(ferror.o)
    0x08000eba   0x00000002   PAD
    0x08000ebc   0x00000138   Code   RO         4032    .text               c_w.l(initio.o)
    0x08000ff4   0x00000040   Code   RO         4040    .text               c_w.l(_wcrtomb.o)
    0x08001034   0x00000066   Code   RO         4042    .text               c_w.l(sys_io.o)
    0x0800109a   0x0000004a   Code   RO         4049    .text               c_w.l(sys_stackheap_outer.o)
    0x080010e4   0x00000010   Code   RO         4051    .text               c_w.l(rt_ctype_table.o)
    0x080010f4   0x00000008   Code   RO         4056    .text               c_w.l(rt_locale_intlibspace.o)
    0x080010fc   0x0000004e   Code   RO         4060    .text               c_w.l(h1_free.o)
    0x0800114a   0x00000002   PAD
    0x0800114c   0x00000080   Code   RO         4114    .text               c_w.l(_printf_fp_infnan.o)
    0x080011cc   0x000000dc   Code   RO         4116    .text               c_w.l(bigflt0.o)
    0x080012a8   0x000001d6   Code   RO         4141    .text               c_w.l(flsbuf.o)
    0x0800147e   0x00000046   Code   RO         4143    .text               c_w.l(setvbuf.o)
    0x080014c4   0x000000ec   Code   RO         4146    .text               c_w.l(fopen.o)
    0x080015b0   0x0000004c   Code   RO         4148    .text               c_w.l(fclose.o)
    0x080015fc   0x00000012   Code   RO         4157    .text               c_w.l(exit.o)
    0x0800160e   0x0000000e   Code   RO         4159    .text               c_w.l(defsig_rtred_outer.o)
    0x0800161c   0x00000008   Code   RO         4237    .text               c_w.l(libspace.o)
    0x08001624   0x00000002   Code   RO         4240    .text               c_w.l(use_no_semi.o)
    0x08001626   0x00000000   Code   RO         4242    .text               c_w.l(indicate_semi.o)
    0x08001626   0x00000002   PAD
    0x08001628   0x00000008   Code   RO         4250    .text               c_w.l(rt_heap_descriptor_intlibspace.o)
    0x08001630   0x00000004   Code   RO         4252    .text               c_w.l(hguard.o)
    0x08001634   0x0000008a   Code   RO         4254    .text               c_w.l(init_alloc.o)
    0x080016be   0x0000005e   Code   RO         4260    .text               c_w.l(h1_alloc.o)
    0x0800171c   0x000000f8   Code   RO         4276    .text               c_w.l(fseek.o)
    0x08001814   0x000000f0   Code   RO         4278    .text               c_w.l(stdio.o)
    0x08001904   0x0000000a   Code   RO         4287    .text               c_w.l(defsig_exit.o)
    0x0800190e   0x00000002   PAD
    0x08001910   0x00000034   Code   RO         4289    .text               c_w.l(defsig_rtred_inner.o)
    0x08001944   0x0000003e   Code   RO         4293    .text               c_w.l(strlen.o)
    0x08001982   0x00000002   PAD
    0x08001984   0x00000080   Code   RO         4297    .text               c_w.l(strcmpv7m.o)
    0x08001a04   0x0000000c   Code   RO         4303    .text               c_w.l(sys_exit.o)
    0x08001a10   0x0000000e   Code   RO         4314    .text               c_w.l(h1_init.o)
    0x08001a1e   0x00000034   Code   RO         4316    .text               c_w.l(h1_extend.o)
    0x08001a52   0x00000042   Code   RO         4326    .text               c_w.l(ftell.o)
    0x08001a94   0x00000032   Code   RO         4334    .text               c_w.l(defsig_general.o)
    0x08001ac6   0x0000000e   Code   RO         4336    .text               c_w.l(defsig_rtmem_outer.o)
    0x08001ad4   0x0000000e   Code   RO         4351    .text               c_w.l(sys_wrch.o)
    0x08001ae2   0x00000002   PAD
    0x08001ae4   0x00000008   Code   RO         4358    .text               c_w.l(rt_errno_addr_intlibspace.o)
    0x08001aec   0x00000050   Code   RO         4364    .text               c_w.l(defsig_rtmem_inner.o)
    0x08001b3c   0x0000003e   Code   RO         4119    CL$$btod_d2e        c_w.l(btod.o)
    0x08001b7a   0x00000046   Code   RO         4121    CL$$btod_d2e_denorm_low  c_w.l(btod.o)
    0x08001bc0   0x00000060   Code   RO         4120    CL$$btod_d2e_norm_op1  c_w.l(btod.o)
    0x08001c20   0x00000338   Code   RO         4129    CL$$btod_div_common  c_w.l(btod.o)
    0x08001f58   0x000000c6   Code   RO         4126    CL$$btod_e2e        c_w.l(btod.o)
    0x0800201e   0x00000028   Code   RO         4123    CL$$btod_ediv       c_w.l(btod.o)
    0x08002046   0x00000028   Code   RO         4122    CL$$btod_emul       c_w.l(btod.o)
    0x0800206e   0x00000244   Code   RO         4128    CL$$btod_mult_common  c_w.l(btod.o)
    0x080022b2   0x00000004   Code   RO            3    i.BusFault_Handler  gd32f10x_it.o
    0x080022b6   0x00000002   Code   RO            4    i.DebugMon_Handler  gd32f10x_it.o
    0x080022b8   0x00000004   Code   RO            5    i.HardFault_Handler  gd32f10x_it.o
    0x080022bc   0x00000004   Code   RO            6    i.MemManage_Handler  gd32f10x_it.o
    0x080022c0   0x00000002   Code   RO            7    i.NMI_Handler       gd32f10x_it.o
    0x080022c2   0x00000002   PAD
    0x080022c4   0x00000028   Code   RO          201    i.NVIC_SetPriority  systick.o
    0x080022ec   0x00000002   Code   RO            8    i.PendSV_Handler    gd32f10x_it.o
    0x080022ee   0x00000002   Code   RO            9    i.SVC_Handler       gd32f10x_it.o
    0x080022f0   0x00000008   Code   RO           10    i.SysTick_Handler   gd32f10x_it.o
    0x080022f8   0x000000d4   Code   RO          244    i.SystemInit        system_gd32f10x.o
    0x080023cc   0x00000004   Code   RO           11    i.UsageFault_Handler  gd32f10x_it.o
    0x080023d0   0x00000028   Code   RO         4235    i.__ARM_fpclassify  m_ws.l(fpclassify.o)
    0x080023f8   0x0000000e   Code   RO         3902    i._is_digit         c_w.l(__printf_wp.o)
    0x08002406   0x00000002   PAD
    0x08002408   0x00000040   Code   RO         3823    i.console_logger    ulog.o
    0x08002448   0x00000018   Code   RO          203    i.delay_decrement   systick.o
    0x08002460   0x0000001a   Code   RO         4029    i.fputc             c_w.l(fputc.o)
    0x0800247a   0x00000002   PAD
    0x0800247c   0x00000030   Code   RO          175    i.main              main.o
    0x080024ac   0x00000018   Code   RO         2104    i.nvic_vector_table_set  gd32f10x_misc.o
    0x080024c4   0x000000c4   Code   RO          245    i.system_clock_108m_hxtal  system_gd32f10x.o
    0x08002588   0x00000008   Code   RO          246    i.system_clock_config  system_gd32f10x.o
    0x08002590   0x00000050   Code   RO          204    i.systick_config    systick.o
    0x080025e0   0x0000001c   Code   RO         3824    i.ulog_init         ulog.o
    0x080025fc   0x0000007c   Code   RO         3825    i.ulog_level_name   ulog.o
    0x08002678   0x00000054   Code   RO         3826    i.ulog_message      ulog.o
    0x080026cc   0x00000050   Code   RO         3827    i.ulog_subscribe    ulog.o
    0x0800271c   0x0000002c   Code   RO         4155    locale$$code        c_w.l(lc_numeric_c.o)
    0x08002748   0x0000002c   Code   RO         4285    locale$$code        c_w.l(lc_ctype_c.o)
    0x08002774   0x00000004   Code   RO         3999    x$fpl$printf1       fz_ws.l(printf1.o)
    0x08002778   0x00000000   Code   RO         4234    x$fpl$usenofp       fz_ws.l(usenofp.o)
    0x08002778   0x00000011   Data   RO         3910    .constdata          c_w.l(__printf_flags_ss_wp.o)
    0x08002789   0x00000003   PAD
    0x0800278c   0x00000008   Data   RO         3940    .constdata          c_w.l(_printf_wctomb.o)
    0x08002794   0x00000028   Data   RO         3969    .constdata          c_w.l(_printf_hex_int_ll_ptr.o)
    0x080027bc   0x00000004   Data   RO         4043    .constdata          c_w.l(sys_io.o)
    0x080027c0   0x00000004   Data   RO         4044    .constdata          c_w.l(sys_io.o)
    0x080027c4   0x00000004   Data   RO         4045    .constdata          c_w.l(sys_io.o)
    0x080027c8   0x00000094   Data   RO         4117    .constdata          c_w.l(bigflt0.o)
    0x0800285c   0x00000020   Data   RO         4389    Region$$Table       anon$$obj.o
    0x0800287c   0x0000001c   Data   RO         4154    locale$$data        c_w.l(lc_numeric_c.o)
    0x08002898   0x00000110   Data   RO         4284    locale$$data        c_w.l(lc_ctype_c.o)


    Execution Region RW_IRAM1 (Base: 0x20000000, Size: 0x00000818, Max: 0x00010000, ABSOLUTE)

    Base Addr    Size         Type   Attr      Idx    E Section Name        Object

    0x20000000   0x00000004   Data   RW          205    .data               systick.o
    0x20000004   0x00000004   Data   RW          247    .data               system_gd32f10x.o
    0x20000008   0x00000004   Data   RW         3996    .data               c_w.l(stdio_streams.o)
    0x2000000c   0x00000004   Data   RW         3997    .data               c_w.l(stdio_streams.o)
    0x20000010   0x00000004   Data   RW         3998    .data               c_w.l(stdio_streams.o)
    0x20000014   0x000000a8   Zero   RW         3829    .bss                ulog.o
    0x200000bc   0x00000054   Zero   RW         3993    .bss                c_w.l(stdio_streams.o)
    0x20000110   0x00000054   Zero   RW         3994    .bss                c_w.l(stdio_streams.o)
    0x20000164   0x00000054   Zero   RW         3995    .bss                c_w.l(stdio_streams.o)
    0x200001b8   0x00000060   Zero   RW         4238    .bss                c_w.l(libspace.o)
    0x20000218   0x00000200   Zero   RW         3817    HEAP                startup_gd32f10x_hd.o
    0x20000418   0x00000400   Zero   RW         3816    STACK               startup_gd32f10x_hd.o


==============================================================================

Image component sizes


      Code (inc. data)   RO Data    RW Data    ZI Data      Debug   Object Name

        32          0          0          0          0      12558   gd32f10x_it.o
        24          8          0          0          0        616   gd32f10x_misc.o
        48         26          0          0          0        443   main.o
        64         26        304          0       1536        924   startup_gd32f10x_hd.o
       416         30          0          4          0       2807   system_gd32f10x.o
       144         20          0          4          0      23962   systick.o
       380        136          0          0        168       5155   ulog.o

    ----------------------------------------------------------------------
      1110        246        336          8       1704      46465   Object Totals
         0          0         32          0          0          0   (incl. Generated)
         2          0          0          0          0          0   (incl. Padding)

    ----------------------------------------------------------------------

      Code (inc. data)   RO Data    RW Data    ZI Data      Debug   Library Member Name

        24          4          0          0          0         84   __2printf.o
         8          0          0          0          0         68   __main.o
       392          4         17          0          0         92   __printf_flags_ss_wp.o
        14          0          0          0          0         68   __printf_wp.o
         0          0          0          0          0          0   __rtentry.o
        12          0          0          0          0          0   __rtentry2.o
         6          0          0          0          0          0   __rtentry4.o
        52          8          0          0          0          0   __scatter.o
        26          0          0          0          0          0   __scatter_copy.o
        28          0          0          0          0          0   __scatter_zi.o
         6          0          0          0          0          0   _printf_a.o
         6          0          0          0          0          0   _printf_c.o
        44          0          0          0          0        108   _printf_char.o
        48          6          0          0          0         96   _printf_char_common.o
        36          4          0          0          0         80   _printf_char_file.o
        40          0          0          0          0         68   _printf_charcount.o
         6          0          0          0          0          0   _printf_d.o
       120         16          0          0          0         92   _printf_dec.o
         6          0          0          0          0          0   _printf_e.o
         6          0          0          0          0          0   _printf_f.o
      1050          0          0          0          0        216   _printf_fp_dec.o
       128         16          0          0          0         84   _printf_fp_infnan.o
         6          0          0          0          0          0   _printf_g.o
       148          4         40          0          0        160   _printf_hex_int_ll_ptr.o
         6          0          0          0          0          0   _printf_i.o
       178          0          0          0          0         88   _printf_intcommon.o
        10          0          0          0          0          0   _printf_l.o
         6          0          0          0          0          0   _printf_lc.o
        10          0          0          0          0          0   _printf_ll.o
         6          0          0          0          0          0   _printf_lld.o
         6          0          0          0          0          0   _printf_lli.o
         6          0          0          0          0          0   _printf_llo.o
         6          0          0          0          0          0   _printf_llu.o
         6          0          0          0          0          0   _printf_llx.o
       124         16          0          0          0         92   _printf_longlong_dec.o
         6          0          0          0          0          0   _printf_ls.o
         6          0          0          0          0          0   _printf_n.o
         6          0          0          0          0          0   _printf_o.o
       112          8          0          0          0        124   _printf_oct_int_ll.o
         6          0          0          0          0          0   _printf_p.o
        78          0          0          0          0        108   _printf_pad.o
         0          0          0          0          0          0   _printf_percent.o
         4          0          0          0          0          0   _printf_percent_end.o
         6          0          0          0          0          0   _printf_s.o
        82          0          0          0          0         80   _printf_str.o
        36          0          0          0          0         84   _printf_truncate.o
         6          0          0          0          0          0   _printf_u.o
        44          0          0          0          0        108   _printf_wchar.o
       188          6          8          0          0         92   _printf_wctomb.o
         6          0          0          0          0          0   _printf_x.o
        16          0          0          0          0         68   _snputc.o
        10          0          0          0          0         68   _sputc.o
        64          0          0          0          0         92   _wcrtomb.o
       220          4        148          0          0         96   bigflt0.o
      1910        128          0          0          0        672   btod.o
        52          4          0          0          0         80   c89vsnprintf.o
        10          0          0          0          0         68   defsig_exit.o
        50          0          0          0          0         88   defsig_general.o
        80         58          0          0          0         76   defsig_rtmem_inner.o
        14          0          0          0          0         80   defsig_rtmem_outer.o
        52         38          0          0          0         76   defsig_rtred_inner.o
        14          0          0          0          0         80   defsig_rtred_outer.o
        18          0          0          0          0         80   exit.o
        76          0          0          0          0         88   fclose.o
         8          0          0          0          0         68   ferror.o
       470          0          0          0          0         88   flsbuf.o
       236          4          0          0          0        128   fopen.o
        26          0          0          0          0         68   fputc.o
       248          6          0          0          0         84   fseek.o
        66          0          0          0          0         76   ftell.o
        94          0          0          0          0         80   h1_alloc.o
        52          0          0          0          0         68   h1_extend.o
        78          0          0          0          0         80   h1_free.o
        14          0          0          0          0         84   h1_init.o
         6          0          0          0          0        152   heapauxi.o
         4          0          0          0          0        136   hguard.o
         0          0          0          0          0          0   indicate_semi.o
       138          0          0          0          0        168   init_alloc.o
       312         46          0          0          0        112   initio.o
        44         10        272          0          0         76   lc_ctype_c.o
        44         10         28          0          0         76   lc_numeric_c.o
         2          0          0          0          0          0   libinit.o
        42          0          0          0          0          0   libinit2.o
         2          0          0          0          0          0   libshutdown.o
         6          0          0          0          0          0   libshutdown2.o
         8          4          0          0         96         68   libspace.o
       138          0          0          0          0         80   lludiv10.o
         0          0          0          0          0          0   maybetermalloc1.o
        16          4          0          0          0         76   rt_ctype_table.o
         8          4          0          0          0         68   rt_errno_addr_intlibspace.o
         8          4          0          0          0         68   rt_heap_descriptor_intlibspace.o
         8          4          0          0          0         68   rt_locale_intlibspace.o
        78          0          0          0          0         80   rt_memclr_w.o
         2          0          0          0          0          0   rtexit.o
        10          0          0          0          0          0   rtexit2.o
        70          0          0          0          0         80   setvbuf.o
       240          6          0          0          0        156   stdio.o
         0          0          0         12        252          0   stdio_streams.o
       128          0          0          0          0         68   strcmpv7m.o
        62          0          0          0          0         76   strlen.o
        12          4          0          0          0         68   sys_exit.o
       102          0         12          0          0        240   sys_io.o
        74          0          0          0          0         80   sys_stackheap_outer.o
        14          0          0          0          0         76   sys_wrch.o
         2          0          0          0          0         68   use_no_semi.o
         4          0          0          0          0         68   printf1.o
         0          0          0          0          0          0   usenofp.o
        40          0          0          0          0         68   fpclassify.o

    ----------------------------------------------------------------------
      8690        430        528         12        348       6804   Library Totals
        26          0          3          0          0          0   (incl. Padding)

    ----------------------------------------------------------------------

      Code (inc. data)   RO Data    RW Data    ZI Data      Debug   Library Name

      8620        430        525         12        348       6668   c_w.l
         4          0          0          0          0         68   fz_ws.l
        40          0          0          0          0         68   m_ws.l

    ----------------------------------------------------------------------
      8690        430        528         12        348       6804   Library Totals

    ----------------------------------------------------------------------

==============================================================================


      Code (inc. data)   RO Data    RW Data    ZI Data      Debug   

      9800        676        864         20       2052      48533   Grand Totals
      9800        676        864         20       2052      48533   ELF Image Totals
      9800        676        864         20          0          0   ROM Totals

==============================================================================

    Total RO  Size (Code + RO Data)                10664 (  10.41kB)
    Total RW  Size (RW Data + ZI Data)              2072 (   2.02kB)
    Total ROM Size (Code + RO Data + RW Data)      10684 (  10.43kB)

==============================================================================

